2026-01-19T07:34:46.3921355Z Current runner version: '2.331.0'
2026-01-19T07:34:46.3945193Z ##[group]Runner Image Provisioner
2026-01-19T07:34:46.3945961Z Hosted Compute Agent
2026-01-19T07:34:46.3946468Z Version: 20251211.462
2026-01-19T07:34:46.3947059Z Commit: 6cbad8c2bb55d58165063d031ccabf57e2d2db61
2026-01-19T07:34:46.3947712Z Build Date: 2025-12-11T16:28:49Z
2026-01-19T07:34:46.3948349Z Worker ID: {f8385027-c0d5-4cf9-b197-d84a6532c064}
2026-01-19T07:34:46.3948942Z ##[endgroup]
2026-01-19T07:34:46.3949483Z ##[group]Operating System
2026-01-19T07:34:46.3950042Z Microsoft Windows Server 2025
2026-01-19T07:34:46.3950540Z 10.0.26100
2026-01-19T07:34:46.3951015Z Datacenter
2026-01-19T07:34:46.3951435Z ##[endgroup]
2026-01-19T07:34:46.3951892Z ##[group]Runner Image
2026-01-19T07:34:46.3952387Z Image: windows-2025
2026-01-19T07:34:46.3952874Z Version: 20260111.179.1
2026-01-19T07:34:46.3954131Z Included Software: https://github.com/actions/runner-images/blob/win25/20260111.179/images/windows/Windows2025-Readme.md
2026-01-19T07:34:46.3955507Z Image Release: https://github.com/actions/runner-images/releases/tag/win25%2F20260111.179
2026-01-19T07:34:46.3956342Z ##[endgroup]
2026-01-19T07:34:46.3957522Z ##[group]GITHUB_TOKEN Permissions
2026-01-19T07:34:46.3959578Z Contents: read
2026-01-19T07:34:46.3960148Z Metadata: read
2026-01-19T07:34:46.3960604Z Packages: read
2026-01-19T07:34:46.3961076Z ##[endgroup]
2026-01-19T07:34:46.3962961Z Secret source: Actions
2026-01-19T07:34:46.3963630Z Prepare workflow directory
2026-01-19T07:34:46.4284639Z Prepare all required actions
2026-01-19T07:34:46.4323870Z Getting action download info
2026-01-19T07:34:46.8408162Z Download action repository 'actions/checkout@v3' (SHA:f43a0e5ff2bd294095638e18286ca9a3d1956744)
2026-01-19T07:34:47.0055044Z Download action repository 'conda-incubator/setup-miniconda@v3' (SHA:835234971496cad1653abb28a638a281cf32541f)
2026-01-19T07:34:47.6566636Z Download action repository 'actions/upload-artifact@v4' (SHA:ea165f8d65b6e75b540449e92b4886f43607fa02)
2026-01-19T07:34:48.0877815Z Complete job name: Build on Windows (windows-latest)
2026-01-19T07:34:48.2359354Z ##[group]Run actions/checkout@v3
2026-01-19T07:34:48.2360648Z with:
2026-01-19T07:34:48.2361336Z   repository: RealWhyKnot/VRCYTProxy
2026-01-19T07:34:48.2362455Z   token: ***
2026-01-19T07:34:48.2363309Z   ssh-strict: true
2026-01-19T07:34:48.2364046Z   persist-credentials: true
2026-01-19T07:34:48.2364846Z   clean: true
2026-01-19T07:34:48.2365558Z   sparse-checkout-cone-mode: true
2026-01-19T07:34:48.2366407Z   fetch-depth: 1
2026-01-19T07:34:48.2367084Z   fetch-tags: false
2026-01-19T07:34:48.2367771Z   lfs: false
2026-01-19T07:34:48.2368435Z   submodules: false
2026-01-19T07:34:48.2369151Z   set-safe-directory: true
2026-01-19T07:34:48.2370186Z ##[endgroup]
2026-01-19T07:34:48.3804502Z Syncing repository: RealWhyKnot/VRCYTProxy
2026-01-19T07:34:48.3807677Z ##[group]Getting Git version info
2026-01-19T07:34:48.3808770Z Working directory is 'D:\a\VRCYTProxy\VRCYTProxy'
2026-01-19T07:34:48.5114755Z [command]"C:\Program Files\Git\bin\git.exe" version
2026-01-19T07:34:48.8562013Z git version 2.52.0.windows.1
2026-01-19T07:34:48.8612343Z ##[endgroup]
2026-01-19T07:34:48.8633981Z Temporarily overriding HOME='D:\a\_temp\5782171f-065e-451f-baa6-b37e7d7361f8' before making global git config changes
2026-01-19T07:34:48.8636409Z Adding repository directory to the temporary git global config as a safe directory
2026-01-19T07:34:48.8642796Z [command]"C:\Program Files\Git\bin\git.exe" config --global --add safe.directory D:\a\VRCYTProxy\VRCYTProxy
2026-01-19T07:34:48.9174147Z Deleting the contents of 'D:\a\VRCYTProxy\VRCYTProxy'
2026-01-19T07:34:48.9180978Z ##[group]Initializing the repository
2026-01-19T07:34:48.9188206Z [command]"C:\Program Files\Git\bin\git.exe" init D:\a\VRCYTProxy\VRCYTProxy
2026-01-19T07:34:49.0046356Z Initialized empty Git repository in D:/a/VRCYTProxy/VRCYTProxy/.git/
2026-01-19T07:34:49.0082347Z [command]"C:\Program Files\Git\bin\git.exe" remote add origin https://github.com/RealWhyKnot/VRCYTProxy
2026-01-19T07:34:49.0561515Z ##[endgroup]
2026-01-19T07:34:49.0563568Z ##[group]Disabling automatic garbage collection
2026-01-19T07:34:49.0567153Z [command]"C:\Program Files\Git\bin\git.exe" config --local gc.auto 0
2026-01-19T07:34:49.0873593Z ##[endgroup]
2026-01-19T07:34:49.0875342Z ##[group]Setting up auth
2026-01-19T07:34:49.0882883Z [command]"C:\Program Files\Git\bin\git.exe" config --local --name-only --get-regexp core\.sshCommand
2026-01-19T07:34:49.1160234Z [command]"C:\Program Files\Git\bin\git.exe" submodule foreach --recursive "sh -c \"git config --local --name-only --get-regexp 'core\.sshCommand' && git config --local --unset-all 'core.sshCommand' || :\""
2026-01-19T07:34:50.4679910Z [command]"C:\Program Files\Git\bin\git.exe" config --local --name-only --get-regexp http\.https\:\/\/github\.com\/\.extraheader
2026-01-19T07:34:50.4958120Z [command]"C:\Program Files\Git\bin\git.exe" submodule foreach --recursive "sh -c \"git config --local --name-only --get-regexp 'http\.https\:\/\/github\.com\/\.extraheader' && git config --local --unset-all 'http.https://github.com/.extraheader' || :\""
2026-01-19T07:34:50.9812270Z [command]"C:\Program Files\Git\bin\git.exe" config --local http.https://github.com/.extraheader "AUTHORIZATION: basic ***"
2026-01-19T07:34:51.0109884Z ##[endgroup]
2026-01-19T07:34:51.0110650Z ##[group]Fetching the repository
2026-01-19T07:34:51.0124889Z [command]"C:\Program Files\Git\bin\git.exe" -c protocol.version=2 fetch --no-tags --prune --progress --no-recurse-submodules --depth=1 origin +c794bda856044be0321a8bc11baf773ec17d02c3:refs/tags/v2026.01.19.7
2026-01-19T07:34:51.8435084Z remote: Enumerating objects: 20, done.        
2026-01-19T07:34:51.8435780Z remote: Counting objects:   5% (1/20)        
2026-01-19T07:34:51.8436383Z remote: Counting objects:  10% (2/20)        
2026-01-19T07:34:51.8436832Z remote: Counting objects:  15% (3/20)        
2026-01-19T07:34:51.8437166Z remote: Counting objects:  20% (4/20)        
2026-01-19T07:34:51.8437528Z remote: Counting objects:  25% (5/20)        
2026-01-19T07:34:51.8440296Z remote: Counting objects:  30% (6/20)        
2026-01-19T07:34:51.8441028Z remote: Counting objects:  35% (7/20)        
2026-01-19T07:34:51.8441611Z remote: Counting objects:  40% (8/20)        
2026-01-19T07:34:51.8442194Z remote: Counting objects:  45% (9/20)        
2026-01-19T07:34:51.8442713Z remote: Counting objects:  50% (10/20)        
2026-01-19T07:34:51.8443278Z remote: Counting objects:  55% (11/20)        
2026-01-19T07:34:51.8443849Z remote: Counting objects:  60% (12/20)        
2026-01-19T07:34:51.8444397Z remote: Counting objects:  65% (13/20)        
2026-01-19T07:34:51.8445077Z remote: Counting objects:  70% (14/20)        
2026-01-19T07:34:51.8445614Z remote: Counting objects:  75% (15/20)        
2026-01-19T07:34:51.8446142Z remote: Counting objects:  80% (16/20)        
2026-01-19T07:34:51.8446666Z remote: Counting objects:  85% (17/20)        
2026-01-19T07:34:51.8447183Z remote: Counting objects:  90% (18/20)        
2026-01-19T07:34:51.8448089Z remote: Counting objects:  95% (19/20)        
2026-01-19T07:34:51.8448661Z remote: Counting objects: 100% (20/20)        
2026-01-19T07:34:51.8449229Z remote: Counting objects: 100% (20/20), done.        
2026-01-19T07:34:51.8449880Z remote: Compressing objects:   5% (1/17)        
2026-01-19T07:34:51.8450462Z remote: Compressing objects:  11% (2/17)        
2026-01-19T07:34:51.8451067Z remote: Compressing objects:  17% (3/17)        
2026-01-19T07:34:51.8451620Z remote: Compressing objects:  23% (4/17)        
2026-01-19T07:34:51.8452168Z remote: Compressing objects:  29% (5/17)        
2026-01-19T07:34:51.8452712Z remote: Compressing objects:  35% (6/17)        
2026-01-19T07:34:51.8453249Z remote: Compressing objects:  41% (7/17)        
2026-01-19T07:34:51.8453808Z remote: Compressing objects:  47% (8/17)        
2026-01-19T07:34:51.8454350Z remote: Compressing objects:  52% (9/17)        
2026-01-19T07:34:51.8454883Z remote: Compressing objects:  58% (10/17)        
2026-01-19T07:34:51.8456463Z remote: Compressing objects:  64% (11/17)        
2026-01-19T07:34:51.8456831Z remote: Compressing objects:  70% (12/17)        
2026-01-19T07:34:51.8457185Z remote: Compressing objects:  76% (13/17)        
2026-01-19T07:34:51.8457499Z remote: Compressing objects:  82% (14/17)        
2026-01-19T07:34:51.8457798Z remote: Compressing objects:  88% (15/17)        
2026-01-19T07:34:51.8458098Z remote: Compressing objects:  94% (16/17)        
2026-01-19T07:34:51.8458397Z remote: Compressing objects: 100% (17/17)        
2026-01-19T07:34:51.8458729Z remote: Compressing objects: 100% (17/17), done.        
2026-01-19T07:34:51.8901671Z remote: Total 20 (delta 0), reused 14 (delta 0), pack-reused 0 (from 0)        
2026-01-19T07:34:51.9608994Z From https://github.com/RealWhyKnot/VRCYTProxy
2026-01-19T07:34:51.9610110Z  * [new ref]         c794bda856044be0321a8bc11baf773ec17d02c3 -> v2026.01.19.7
2026-01-19T07:34:51.9924698Z ##[endgroup]
2026-01-19T07:34:51.9925334Z ##[group]Determining the checkout info
2026-01-19T07:34:51.9928191Z ##[endgroup]
2026-01-19T07:34:51.9928807Z ##[group]Checking out the ref
2026-01-19T07:34:51.9935921Z [command]"C:\Program Files\Git\bin\git.exe" checkout --progress --force refs/tags/v2026.01.19.7
2026-01-19T07:34:52.0471507Z Note: switching to 'refs/tags/v2026.01.19.7'.
2026-01-19T07:34:52.0471809Z 
2026-01-19T07:34:52.0472130Z You are in 'detached HEAD' state. You can look around, make experimental
2026-01-19T07:34:52.0473233Z changes and commit them, and you can discard any commits you make in this
2026-01-19T07:34:52.0474138Z state without impacting any branches by switching back to a branch.
2026-01-19T07:34:52.0474663Z 
2026-01-19T07:34:52.0474987Z If you want to create a new branch to retain commits you create, you may
2026-01-19T07:34:52.0475729Z do so (now or later) by using -c with the switch command. Example:
2026-01-19T07:34:52.0476203Z 
2026-01-19T07:34:52.0476408Z   git switch -c <new-branch-name>
2026-01-19T07:34:52.0476771Z 
2026-01-19T07:34:52.0477981Z Or undo this operation with:
2026-01-19T07:34:52.0478334Z 
2026-01-19T07:34:52.0478495Z   git switch -
2026-01-19T07:34:52.0478710Z 
2026-01-19T07:34:52.0479087Z Turn off this advice by setting config variable advice.detachedHead to false
2026-01-19T07:34:52.0479654Z 
2026-01-19T07:34:52.0479813Z HEAD is now at c794bda v2026.01.19.7
2026-01-19T07:34:52.0504843Z ##[endgroup]
2026-01-19T07:34:52.0937830Z [command]"C:\Program Files\Git\bin\git.exe" log -1 --format='%H'
2026-01-19T07:34:52.1212540Z 'c794bda856044be0321a8bc11baf773ec17d02c3'
2026-01-19T07:34:52.1657212Z ##[group]Run conda-incubator/setup-miniconda@v3
2026-01-19T07:34:52.1657565Z with:
2026-01-19T07:34:52.1657744Z   auto-update-conda: true
2026-01-19T07:34:52.1657958Z   python-version: 3.13
2026-01-19T07:34:52.1658167Z   auto-activate-base: false
2026-01-19T07:34:52.1658395Z   activate-environment: test
2026-01-19T07:34:52.1658607Z   remove-profiles: true
2026-01-19T07:34:52.1658826Z   conda-solver: libmamba
2026-01-19T07:34:52.1659258Z   clean-patched-environment-file: true
2026-01-19T07:34:52.1659511Z   run-post: true
2026-01-19T07:34:52.1659674Z ##[endgroup]
2026-01-19T07:34:52.3246938Z ##[group]Gathering Inputs...
2026-01-19T07:34:52.3267221Z ##[endgroup]
2026-01-19T07:34:52.3270718Z ##[group]Creating bootstrap condarc file in C:\Users\runneradmin\.condarc...
2026-01-19T07:34:52.3297575Z ##[endgroup]
2026-01-19T07:34:52.3298209Z ##[group]Ensuring installer...
2026-01-19T07:34:52.3300173Z Can we use bundled Miniconda?
2026-01-19T07:34:52.3302187Z ... will use bundled Miniconda.
2026-01-19T07:34:52.3303408Z ##[endgroup]
2026-01-19T07:34:52.3439992Z ##[group]Setup environment variables...
2026-01-19T07:34:52.3441833Z Add "C:\Miniconda\condabin" to PATH
2026-01-19T07:34:52.3445096Z Set 'CONDA="C:\Miniconda"'
2026-01-19T07:34:52.3449434Z ##[endgroup]
2026-01-19T07:34:52.3450173Z ##[group]Parsing environment...
2026-01-19T07:34:52.3452308Z ##[endgroup]
2026-01-19T07:34:52.3452997Z ##[group]Applying initial configuration...
2026-01-19T07:34:52.3473578Z ##[warning]The 'defaults' channel might have been added implicitly. If this is intentional, add 'defaults' to the 'channels' list. Otherwise, consider setting 'conda-remove-defaults' to 'true'.
2026-01-19T07:34:52.3480009Z Adding pkgs_dir 'C:\Users\runneradmin\conda_pkgs_dir'
2026-01-19T07:34:52.4166111Z [command]C:\Windows\system32\cmd.exe /D /S /C "C:\Miniconda\condabin\conda.bat config --add pkgs_dirs C:\Users\runneradmin\conda_pkgs_dir"
2026-01-19T07:35:24.0436489Z auto_activate: false
2026-01-19T07:35:24.0452029Z [command]C:\Windows\system32\cmd.exe /D /S /C "C:\Miniconda\condabin\conda.bat config --set auto_activate false"
2026-01-19T07:35:24.9268970Z auto_update_conda: true
2026-01-19T07:35:24.9284456Z [command]C:\Windows\system32\cmd.exe /D /S /C "C:\Miniconda\condabin\conda.bat config --set auto_update_conda true"
2026-01-19T07:35:25.8121103Z solver: libmamba
2026-01-19T07:35:25.8134942Z [command]C:\Windows\system32\cmd.exe /D /S /C "C:\Miniconda\condabin\conda.bat config --set solver libmamba"
2026-01-19T07:35:26.6930118Z always_yes: true
2026-01-19T07:35:26.6943585Z [command]C:\Windows\system32\cmd.exe /D /S /C "C:\Miniconda\condabin\conda.bat config --set always_yes true"
2026-01-19T07:35:27.5708742Z changeps1: false
2026-01-19T07:35:27.5726534Z [command]C:\Windows\system32\cmd.exe /D /S /C "C:\Miniconda\condabin\conda.bat config --set changeps1 false"
2026-01-19T07:35:28.4528617Z [command]C:\Windows\system32\cmd.exe /D /S /C "C:\Miniconda\condabin\conda.bat config --show-sources"
2026-01-19T07:35:29.2523560Z ==> C:\Miniconda\.condarc <==
2026-01-19T07:35:29.2523986Z channels:
2026-01-19T07:35:29.2524249Z   - defaults
2026-01-19T07:35:29.2524423Z 
2026-01-19T07:35:29.2524586Z ==> C:\Miniconda\condarc.d\anaconda-auth.yml <==
2026-01-19T07:35:29.2525000Z channel_settings:
2026-01-19T07:35:29.2525650Z   - frozendict.frozendict({'channel': 'https://repo.anaconda.cloud/*', 'auth': 'anaconda-auth'})
2026-01-19T07:35:29.2526284Z 
2026-01-19T07:35:29.2526423Z ==> C:\Users\runneradmin\.condarc <==
2026-01-19T07:35:29.2526789Z auto_update_conda: True
2026-01-19T07:35:29.2527096Z auto_activate: False
2026-01-19T07:35:29.2527406Z notify_outdated_conda: False
2026-01-19T07:35:29.2527739Z changeps1: False
2026-01-19T07:35:29.2527978Z pkgs_dirs:
2026-01-19T07:35:29.2528241Z   - C:\Users\runneradmin\conda_pkgs_dir
2026-01-19T07:35:29.2528591Z always_yes: True
2026-01-19T07:35:29.2528848Z solver: libmamba
2026-01-19T07:35:29.2528996Z 
2026-01-19T07:35:29.3361926Z [command]C:\Windows\system32\cmd.exe /D /S /C "C:\Miniconda\condabin\conda.bat config --show"
2026-01-19T07:35:30.1843837Z add_anaconda_token: True
2026-01-19T07:35:30.1844280Z add_pip_as_python_dependency: True
2026-01-19T07:35:30.1844719Z aggressive_update_packages:
2026-01-19T07:35:30.1845055Z   - ca-certificates
2026-01-19T07:35:30.1845334Z   - certifi
2026-01-19T07:35:30.1845564Z   - openssl
2026-01-19T07:35:30.1845854Z allow_conda_downgrades: False
2026-01-19T07:35:30.1846169Z allow_cycles: True
2026-01-19T07:35:30.1846451Z allow_non_channel_urls: False
2026-01-19T07:35:30.1846771Z allow_softlinks: False
2026-01-19T07:35:30.1847056Z allowlist_channels: []
2026-01-19T07:35:30.1847352Z always_copy: False
2026-01-19T07:35:30.1847620Z always_softlink: False
2026-01-19T07:35:30.1847902Z always_yes: True
2026-01-19T07:35:30.1848175Z anaconda_anon_usage: True
2026-01-19T07:35:30.1848496Z anaconda_heartbeat: False
2026-01-19T07:35:30.1848792Z anaconda_upload: None
2026-01-19T07:35:30.1849080Z auto_activate: False
2026-01-19T07:35:30.1849356Z auto_stack: 0
2026-01-19T07:35:30.1849616Z auto_update_conda: True
2026-01-19T07:35:30.1849912Z bld_path: 
2026-01-19T07:35:30.1850152Z changeps1: False
2026-01-19T07:35:30.1850474Z channel_alias: https://conda.anaconda.org
2026-01-19T07:35:30.1850881Z channel_priority: flexible
2026-01-19T07:35:30.1851539Z channel_settings:
2026-01-19T07:35:30.1851929Z   - channel: https://repo.anaconda.cloud/*
2026-01-19T07:35:30.1852805Z     auth: anaconda-auth
2026-01-19T07:35:30.1853094Z channels:
2026-01-19T07:35:30.1853340Z   - defaults
2026-01-19T07:35:30.1853636Z client_ssl_cert: None
2026-01-19T07:35:30.1853991Z client_ssl_cert_key: None
2026-01-19T07:35:30.1854329Z clobber: False
2026-01-19T07:35:30.1854616Z conda_build: {}
2026-01-19T07:35:30.1854885Z console: classic
2026-01-19T07:35:30.1855537Z create_default_packages: []
2026-01-19T07:35:30.1855889Z croot: C:\Miniconda\conda-bld
2026-01-19T07:35:30.1856203Z custom_channels:
2026-01-19T07:35:30.1856526Z   pkgs/main: https://repo.anaconda.com
2026-01-19T07:35:30.1856940Z   pkgs/r: https://repo.anaconda.com
2026-01-19T07:35:30.1857327Z   pkgs/msys2: https://repo.anaconda.com
2026-01-19T07:35:30.1857734Z   pkgs/pro: https://repo.anaconda.com
2026-01-19T07:35:30.1858102Z custom_multichannels:
2026-01-19T07:35:30.1858379Z   defaults: 
2026-01-19T07:35:30.1858673Z     - https://repo.anaconda.com/pkgs/main
2026-01-19T07:35:30.1859117Z     - https://repo.anaconda.com/pkgs/r
2026-01-19T07:35:30.1859532Z     - https://repo.anaconda.com/pkgs/msys2
2026-01-19T07:35:30.1859904Z   local: 
2026-01-19T07:35:30.1860131Z debug: False
2026-01-19T07:35:30.1860673Z default_activation_env: base
2026-01-19T07:35:30.1860996Z default_channels:
2026-01-19T07:35:30.1861281Z   - https://repo.anaconda.com/pkgs/main
2026-01-19T07:35:30.1861688Z   - https://repo.anaconda.com/pkgs/r
2026-01-19T07:35:30.1862068Z   - https://repo.anaconda.com/pkgs/msys2
2026-01-19T07:35:30.1862436Z default_python: 3.13
2026-01-19T07:35:30.1862713Z default_threads: None
2026-01-19T07:35:30.1862997Z denylist_channels: []
2026-01-19T07:35:30.1863268Z deps_modifier: not_set
2026-01-19T07:35:30.1863543Z dev: False
2026-01-19T07:35:30.1863786Z disallowed_packages: []
2026-01-19T07:35:30.1864080Z download_only: False
2026-01-19T07:35:30.1864337Z dry_run: False
2026-01-19T07:35:30.1864601Z enable_private_envs: False
2026-01-19T07:35:30.1864921Z env_prompt: ({default_env}) 
2026-01-19T07:35:30.1865246Z environment_specifier: None
2026-01-19T07:35:30.1865535Z envs_dirs:
2026-01-19T07:35:30.1865795Z   - C:\Miniconda\envs
2026-01-19T07:35:30.1866092Z   - C:\Users\runneradmin\.conda\envs
2026-01-19T07:35:30.1866513Z   - C:\Users\runneradmin\AppData\Local\conda\conda\envs
2026-01-19T07:35:30.1866944Z envvars_force_uppercase: True
2026-01-19T07:35:30.1867413Z error_upload_url: https://conda.io/conda-post/unexpected-error
2026-01-19T07:35:30.1867886Z execute_threads: 1
2026-01-19T07:35:30.1868145Z experimental: []
2026-01-19T07:35:30.1868584Z export_platforms:
2026-01-19T07:35:30.1869859Z   - win-64
2026-01-19T07:35:30.1870139Z extra_safety_checks: False
2026-01-19T07:35:30.1870439Z fetch_threads: 5
2026-01-19T07:35:30.1870686Z force: False
2026-01-19T07:35:30.1870909Z force_32bit: False
2026-01-19T07:35:30.1871175Z force_reinstall: False
2026-01-19T07:35:30.1871438Z force_remove: False
2026-01-19T07:35:30.1871710Z ignore_pinned: False
2026-01-19T07:35:30.1871981Z json: False
2026-01-19T07:35:30.1872208Z list_fields:
2026-01-19T07:35:30.1872429Z   - name
2026-01-19T07:35:30.1872648Z   - version
2026-01-19T07:35:30.1872859Z   - build
2026-01-19T07:35:30.1873090Z   - channel_name
2026-01-19T07:35:30.1873337Z local_repodata_ttl: 1
2026-01-19T07:35:30.1873627Z migrated_channel_aliases: []
2026-01-19T07:35:30.1873942Z migrated_custom_channels: {}
2026-01-19T07:35:30.1874252Z no_lock: False
2026-01-19T07:35:30.1874502Z no_plugins: False
2026-01-19T07:35:30.1874769Z non_admin_enabled: True
2026-01-19T07:35:30.1875089Z notify_outdated_conda: False
2026-01-19T07:35:30.1875407Z number_channel_notices: 5
2026-01-19T07:35:30.1875700Z offline: False
2026-01-19T07:35:30.1875954Z override_channels_enabled: True
2026-01-19T07:35:30.1876287Z override_virtual_packages: {}
2026-01-19T07:35:30.1876595Z path_conflict: clobber
2026-01-19T07:35:30.1876881Z pinned_packages: []
2026-01-19T07:35:30.1877139Z pkgs_dirs:
2026-01-19T07:35:30.1878088Z   - C:\Users\runneradmin\conda_pkgs_dir
2026-01-19T07:35:30.1878455Z plugins:
2026-01-19T07:35:30.1878690Z   anaconda_telemetry: True
2026-01-19T07:35:30.1879006Z   auto_accept_tos: False
2026-01-19T07:35:30.1879307Z   use_sharded_repodata: False
2026-01-19T07:35:30.1879682Z prefix_data_interoperability: False
2026-01-19T07:35:30.1880065Z protect_frozen_envs: True
2026-01-19T07:35:30.1880370Z proxy_servers: {}
2026-01-19T07:35:30.1880961Z quiet: False
2026-01-19T07:35:30.1881206Z register_envs: True
2026-01-19T07:35:30.1881469Z remote_backoff_factor: 1
2026-01-19T07:35:30.1881785Z remote_connect_timeout_secs: 9.15
2026-01-19T07:35:30.1882090Z remote_max_retries: 3
2026-01-19T07:35:30.1882405Z remote_read_timeout_secs: 60.0
2026-01-19T07:35:30.1882704Z repodata_fns:
2026-01-19T07:35:30.1882940Z   - current_repodata.json
2026-01-19T07:35:30.1883227Z   - repodata.json
2026-01-19T07:35:30.1883487Z repodata_threads: None
2026-01-19T07:35:30.1883757Z repodata_use_zst: True
2026-01-19T07:35:30.1884026Z report_errors: None
2026-01-19T07:35:30.1884283Z rollback_enabled: True
2026-01-19T07:35:30.1884549Z root_prefix: C:\Miniconda
2026-01-19T07:35:30.1884825Z safety_checks: warn
2026-01-19T07:35:30.1885068Z sat_solver: pycosat
2026-01-19T07:35:30.1885334Z separate_format_cache: False
2026-01-19T07:35:30.1885623Z shortcuts: True
2026-01-19T07:35:30.1885865Z shortcuts_only: []
2026-01-19T07:35:30.1886126Z show_channel_urls: None
2026-01-19T07:35:30.1886424Z signing_metadata_url_base: None
2026-01-19T07:35:30.1886734Z solver: libmamba
2026-01-19T07:35:30.1886981Z solver_ignore_timestamps: False
2026-01-19T07:35:30.1887281Z ssl_verify: True
2026-01-19T07:35:30.1887512Z subdir: win-64
2026-01-19T07:35:30.1887741Z subdirs:
2026-01-19T07:35:30.1887941Z   - win-64
2026-01-19T07:35:30.1888155Z   - noarch
2026-01-19T07:35:30.1888381Z target_prefix_override: 
2026-01-19T07:35:30.1888671Z trace: False
2026-01-19T07:35:30.1888895Z track_features: []
2026-01-19T07:35:30.1889157Z unsatisfiable_hints: True
2026-01-19T07:35:30.1889455Z unsatisfiable_hints_check_depth: 2
2026-01-19T07:35:30.1889798Z update_modifier: update_specs
2026-01-19T07:35:30.1890099Z use_index_cache: False
2026-01-19T07:35:30.1890349Z use_local: False
2026-01-19T07:35:30.1890601Z use_only_tar_bz2: None
2026-01-19T07:35:30.1890853Z verbosity: 0
2026-01-19T07:35:30.1891086Z verify_threads: 1
2026-01-19T07:35:30.2666108Z ##[endgroup]
2026-01-19T07:35:30.2666496Z ##[group]Initializing conda shell integration...
2026-01-19T07:35:30.2671045Z Fixing condabin/ ownership
2026-01-19T07:35:30.3676515Z [command]C:\Windows\system32\takeown.exe /f C:\Miniconda\condabin\ /r /d y
2026-01-19T07:35:30.4326357Z 
2026-01-19T07:35:30.4327003Z SUCCESS: The file (or folder): "C:\Miniconda\condabin\" now owned by user "runnervm1bl6g\runneradmin".
2026-01-19T07:35:30.4334333Z 
2026-01-19T07:35:30.4335307Z SUCCESS: The file (or folder): "C:\Miniconda\condabin\activate.bat" now owned by user "runnervm1bl6g\runneradmin".
2026-01-19T07:35:30.4341410Z 
2026-01-19T07:35:30.4342194Z SUCCESS: The file (or folder): "C:\Miniconda\condabin\conda.bat" now owned by user "runnervm1bl6g\runneradmin".
2026-01-19T07:35:30.4348061Z 
2026-01-19T07:35:30.4348875Z SUCCESS: The file (or folder): "C:\Miniconda\condabin\conda_auto_activate.bat" now owned by user "runnervm1bl6g\runneradmin".
2026-01-19T07:35:30.4357550Z 
2026-01-19T07:35:30.4358038Z SUCCESS: The file (or folder): "C:\Miniconda\condabin\conda_hook.bat" now owned by user "runnervm1bl6g\runneradmin".
2026-01-19T07:35:30.4368510Z 
2026-01-19T07:35:30.4369550Z SUCCESS: The file (or folder): "C:\Miniconda\condabin\deactivate.bat" now owned by user "runnervm1bl6g\runneradmin".
2026-01-19T07:35:30.4376470Z 
2026-01-19T07:35:30.4377729Z SUCCESS: The file (or folder): "C:\Miniconda\condabin\rename_tmp.bat" now owned by user "runnervm1bl6g\runneradmin".
2026-01-19T07:35:30.4386268Z 
2026-01-19T07:35:30.4386837Z SUCCESS: The file (or folder): "C:\Miniconda\condabin\_conda_activate.bat" now owned by user "runnervm1bl6g\runneradmin".
2026-01-19T07:35:30.4399813Z Fixing Scripts/ ownership
2026-01-19T07:35:30.5335893Z [command]C:\Windows\system32\takeown.exe /f C:\Miniconda\Scripts\ /r /d y
2026-01-19T07:35:30.5419053Z 
2026-01-19T07:35:30.5419649Z SUCCESS: The file (or folder): "C:\Miniconda\Scripts\" now owned by user "runnervm1bl6g\runneradmin".
2026-01-19T07:35:30.5427323Z 
2026-01-19T07:35:30.5428112Z SUCCESS: The file (or folder): "C:\Miniconda\Scripts\.anaconda_powershell_prompt-post-link.bat" now owned by user "runnervm1bl6g\runneradmin".
2026-01-19T07:35:30.5433479Z 
2026-01-19T07:35:30.5434306Z SUCCESS: The file (or folder): "C:\Miniconda\Scripts\.anaconda_prompt-post-link.bat" now owned by user "runnervm1bl6g\runneradmin".
2026-01-19T07:35:30.5439452Z 
2026-01-19T07:35:30.5440012Z SUCCESS: The file (or folder): "C:\Miniconda\Scripts\.conda-anaconda-tos-pre-unlink.bat" now owned by user "runnervm1bl6g\runneradmin".
2026-01-19T07:35:30.5448902Z 
2026-01-19T07:35:30.5449617Z SUCCESS: The file (or folder): "C:\Miniconda\Scripts\activate" now owned by user "runnervm1bl6g\runneradmin".
2026-01-19T07:35:30.5454937Z 
2026-01-19T07:35:30.5455655Z SUCCESS: The file (or folder): "C:\Miniconda\Scripts\activate.bat" now owned by user "runnervm1bl6g\runneradmin".
2026-01-19T07:35:30.5460858Z 
2026-01-19T07:35:30.5461798Z SUCCESS: The file (or folder): "C:\Miniconda\Scripts\anaconda-script.py" now owned by user "runnervm1bl6g\runneradmin".
2026-01-19T07:35:30.5470822Z 
2026-01-19T07:35:30.5471535Z SUCCESS: The file (or folder): "C:\Miniconda\Scripts\anaconda.exe" now owned by user "runnervm1bl6g\runneradmin".
2026-01-19T07:35:30.5479307Z 
2026-01-19T07:35:30.5480059Z SUCCESS: The file (or folder): "C:\Miniconda\Scripts\archspec-script.py" now owned by user "runnervm1bl6g\runneradmin".
2026-01-19T07:35:30.5606928Z 
2026-01-19T07:35:30.5608571Z SUCCESS: The file (or folder): "C:\Miniconda\Scripts\archspec.exe" now owned by user "runnervm1bl6g\runneradmin".
2026-01-19T07:35:30.5614681Z 
2026-01-19T07:35:30.5615281Z SUCCESS: The file (or folder): "C:\Miniconda\Scripts\conda-content-trust-script.py" now owned by user "runnervm1bl6g\runneradmin".
2026-01-19T07:35:30.5624656Z 
2026-01-19T07:35:30.5625195Z SUCCESS: The file (or folder): "C:\Miniconda\Scripts\conda-content-trust.exe" now owned by user "runnervm1bl6g\runneradmin".
2026-01-19T07:35:30.5634668Z 
2026-01-19T07:35:30.5635516Z SUCCESS: The file (or folder): "C:\Miniconda\Scripts\conda-env-script.py" now owned by user "runnervm1bl6g\runneradmin".
2026-01-19T07:35:30.5641738Z 
2026-01-19T07:35:30.5642688Z SUCCESS: The file (or folder): "C:\Miniconda\Scripts\conda-env.exe" now owned by user "runnervm1bl6g\runneradmin".
2026-01-19T07:35:30.5648042Z 
2026-01-19T07:35:30.5648602Z SUCCESS: The file (or folder): "C:\Miniconda\Scripts\conda-script.py" now owned by user "runnervm1bl6g\runneradmin".
2026-01-19T07:35:30.5657843Z 
2026-01-19T07:35:30.5658359Z SUCCESS: The file (or folder): "C:\Miniconda\Scripts\conda-token-script.py" now owned by user "runnervm1bl6g\runneradmin".
2026-01-19T07:35:30.5667626Z 
2026-01-19T07:35:30.5668463Z SUCCESS: The file (or folder): "C:\Miniconda\Scripts\conda-token.exe" now owned by user "runnervm1bl6g\runneradmin".
2026-01-19T07:35:30.5674044Z 
2026-01-19T07:35:30.5674517Z SUCCESS: The file (or folder): "C:\Miniconda\Scripts\conda.exe" now owned by user "runnervm1bl6g\runneradmin".
2026-01-19T07:35:30.5684813Z 
2026-01-19T07:35:30.5685578Z SUCCESS: The file (or folder): "C:\Miniconda\Scripts\cph-script.py" now owned by user "runnervm1bl6g\runneradmin".
2026-01-19T07:35:30.5692636Z 
2026-01-19T07:35:30.5693368Z SUCCESS: The file (or folder): "C:\Miniconda\Scripts\cph.exe" now owned by user "runnervm1bl6g\runneradmin".
2026-01-19T07:35:30.5701123Z 
2026-01-19T07:35:30.5701856Z SUCCESS: The file (or folder): "C:\Miniconda\Scripts\deactivate" now owned by user "runnervm1bl6g\runneradmin".
2026-01-19T07:35:30.5708160Z 
2026-01-19T07:35:30.5708880Z SUCCESS: The file (or folder): "C:\Miniconda\Scripts\distro-script.py" now owned by user "runnervm1bl6g\runneradmin".
2026-01-19T07:35:30.5720890Z 
2026-01-19T07:35:30.5721416Z SUCCESS: The file (or folder): "C:\Miniconda\Scripts\distro.exe" now owned by user "runnervm1bl6g\runneradmin".
2026-01-19T07:35:30.5731466Z 
2026-01-19T07:35:30.5732060Z SUCCESS: The file (or folder): "C:\Miniconda\Scripts\dotenv-script.py" now owned by user "runnervm1bl6g\runneradmin".
2026-01-19T07:35:30.5852261Z 
2026-01-19T07:35:30.5852865Z SUCCESS: The file (or folder): "C:\Miniconda\Scripts\dotenv.exe" now owned by user "runnervm1bl6g\runneradmin".
2026-01-19T07:35:30.6015021Z 
2026-01-19T07:35:30.6015767Z SUCCESS: The file (or folder): "C:\Miniconda\Scripts\idle-script.py" now owned by user "runnervm1bl6g\runneradmin".
2026-01-19T07:35:30.6023726Z 
2026-01-19T07:35:30.6024435Z SUCCESS: The file (or folder): "C:\Miniconda\Scripts\idle.exe" now owned by user "runnervm1bl6g\runneradmin".
2026-01-19T07:35:30.6030691Z 
2026-01-19T07:35:30.6031477Z SUCCESS: The file (or folder): "C:\Miniconda\Scripts\jsondiff-script.py" now owned by user "runnervm1bl6g\runneradmin".
2026-01-19T07:35:30.6037581Z 
2026-01-19T07:35:30.6038200Z SUCCESS: The file (or folder): "C:\Miniconda\Scripts\jsondiff.exe" now owned by user "runnervm1bl6g\runneradmin".
2026-01-19T07:35:30.6048742Z 
2026-01-19T07:35:30.6049312Z SUCCESS: The file (or folder): "C:\Miniconda\Scripts\jsonpatch-script.py" now owned by user "runnervm1bl6g\runneradmin".
2026-01-19T07:35:30.6055249Z 
2026-01-19T07:35:30.6055710Z SUCCESS: The file (or folder): "C:\Miniconda\Scripts\jsonpatch.exe" now owned by user "runnervm1bl6g\runneradmin".
2026-01-19T07:35:30.6064895Z 
2026-01-19T07:35:30.6065418Z SUCCESS: The file (or folder): "C:\Miniconda\Scripts\jsonpointer-script.py" now owned by user "runnervm1bl6g\runneradmin".
2026-01-19T07:35:30.6074509Z 
2026-01-19T07:35:30.6075003Z SUCCESS: The file (or folder): "C:\Miniconda\Scripts\jsonpointer.exe" now owned by user "runnervm1bl6g\runneradmin".
2026-01-19T07:35:30.6083464Z 
2026-01-19T07:35:30.6083973Z SUCCESS: The file (or folder): "C:\Miniconda\Scripts\keyring-script.py" now owned by user "runnervm1bl6g\runneradmin".
2026-01-19T07:35:30.6093193Z 
2026-01-19T07:35:30.6093794Z SUCCESS: The file (or folder): "C:\Miniconda\Scripts\keyring.exe" now owned by user "runnervm1bl6g\runneradmin".
2026-01-19T07:35:30.6099457Z 
2026-01-19T07:35:30.6099941Z SUCCESS: The file (or folder): "C:\Miniconda\Scripts\markdown-it-script.py" now owned by user "runnervm1bl6g\runneradmin".
2026-01-19T07:35:30.6300419Z 
2026-01-19T07:35:30.6301500Z SUCCESS: The file (or folder): "C:\Miniconda\Scripts\markdown-it.exe" now owned by user "runnervm1bl6g\runneradmin".
2026-01-19T07:35:30.6309753Z 
2026-01-19T07:35:30.6310169Z SUCCESS: The file (or folder): "C:\Miniconda\Scripts\menuinst-script.py" now owned by user "runnervm1bl6g\runneradmin".
2026-01-19T07:35:30.6318601Z 
2026-01-19T07:35:30.6318988Z SUCCESS: The file (or folder): "C:\Miniconda\Scripts\menuinst.exe" now owned by user "runnervm1bl6g\runneradmin".
2026-01-19T07:35:30.6329148Z 
2026-01-19T07:35:30.6329671Z SUCCESS: The file (or folder): "C:\Miniconda\Scripts\normalizer-script.py" now owned by user "runnervm1bl6g\runneradmin".
2026-01-19T07:35:30.6344721Z 
2026-01-19T07:35:30.6345155Z SUCCESS: The file (or folder): "C:\Miniconda\Scripts\normalizer.exe" now owned by user "runnervm1bl6g\runneradmin".
2026-01-19T07:35:30.6353728Z 
2026-01-19T07:35:30.6355231Z SUCCESS: The file (or folder): "C:\Miniconda\Scripts\pip-script.py" now owned by user "runnervm1bl6g\runneradmin".
2026-01-19T07:35:30.6359897Z 
2026-01-19T07:35:30.6360319Z SUCCESS: The file (or folder): "C:\Miniconda\Scripts\pip.exe" now owned by user "runnervm1bl6g\runneradmin".
2026-01-19T07:35:30.6371342Z 
2026-01-19T07:35:30.6372185Z SUCCESS: The file (or folder): "C:\Miniconda\Scripts\pip3-script.py" now owned by user "runnervm1bl6g\runneradmin".
2026-01-19T07:35:30.6377292Z 
2026-01-19T07:35:30.6377657Z SUCCESS: The file (or folder): "C:\Miniconda\Scripts\pip3.exe" now owned by user "runnervm1bl6g\runneradmin".
2026-01-19T07:35:30.6386323Z 
2026-01-19T07:35:30.6386774Z SUCCESS: The file (or folder): "C:\Miniconda\Scripts\pydoc-script.py" now owned by user "runnervm1bl6g\runneradmin".
2026-01-19T07:35:30.6398153Z 
2026-01-19T07:35:30.6398512Z SUCCESS: The file (or folder): "C:\Miniconda\Scripts\pydoc.exe" now owned by user "runnervm1bl6g\runneradmin".
2026-01-19T07:35:30.6410305Z 
2026-01-19T07:35:30.6410778Z SUCCESS: The file (or folder): "C:\Miniconda\Scripts\pygmentize-script.py" now owned by user "runnervm1bl6g\runneradmin".
2026-01-19T07:35:30.6620687Z 
2026-01-19T07:35:30.6621372Z SUCCESS: The file (or folder): "C:\Miniconda\Scripts\pygmentize.exe" now owned by user "runnervm1bl6g\runneradmin".
2026-01-19T07:35:30.6627233Z 
2026-01-19T07:35:30.6627644Z SUCCESS: The file (or folder): "C:\Miniconda\Scripts\pysemver-script.py" now owned by user "runnervm1bl6g\runneradmin".
2026-01-19T07:35:30.6637793Z 
2026-01-19T07:35:30.6638275Z SUCCESS: The file (or folder): "C:\Miniconda\Scripts\pysemver.exe" now owned by user "runnervm1bl6g\runneradmin".
2026-01-19T07:35:30.6647131Z 
2026-01-19T07:35:30.6647570Z SUCCESS: The file (or folder): "C:\Miniconda\Scripts\tqdm-script.py" now owned by user "runnervm1bl6g\runneradmin".
2026-01-19T07:35:30.6657312Z 
2026-01-19T07:35:30.6657766Z SUCCESS: The file (or folder): "C:\Miniconda\Scripts\tqdm.exe" now owned by user "runnervm1bl6g\runneradmin".
2026-01-19T07:35:30.6667495Z 
2026-01-19T07:35:30.6667932Z SUCCESS: The file (or folder): "C:\Miniconda\Scripts\typer-script.py" now owned by user "runnervm1bl6g\runneradmin".
2026-01-19T07:35:30.6676111Z 
2026-01-19T07:35:30.6676581Z SUCCESS: The file (or folder): "C:\Miniconda\Scripts\typer.exe" now owned by user "runnervm1bl6g\runneradmin".
2026-01-19T07:35:30.6684484Z 
2026-01-19T07:35:30.6684984Z SUCCESS: The file (or folder): "C:\Miniconda\Scripts\wheel-script.py" now owned by user "runnervm1bl6g\runneradmin".
2026-01-19T07:35:30.6830886Z 
2026-01-19T07:35:30.6831700Z SUCCESS: The file (or folder): "C:\Miniconda\Scripts\wheel.exe" now owned by user "runnervm1bl6g\runneradmin".
2026-01-19T07:35:30.6848547Z Fixing shell/ ownership
2026-01-19T07:35:30.7646146Z [command]C:\Windows\system32\takeown.exe /f C:\Miniconda\shell\ /r /d y
2026-01-19T07:35:30.7728787Z 
2026-01-19T07:35:30.7729305Z SUCCESS: The file (or folder): "C:\Miniconda\shell\" now owned by user "runnervm1bl6g\runneradmin".
2026-01-19T07:35:30.7740735Z 
2026-01-19T07:35:30.7741264Z SUCCESS: The file (or folder): "C:\Miniconda\shell\condabin" now owned by user "runnervm1bl6g\runneradmin".
2026-01-19T07:35:30.7748755Z 
2026-01-19T07:35:30.7749455Z SUCCESS: The file (or folder): "C:\Miniconda\shell\condabin\conda-hook.ps1" now owned by user "runnervm1bl6g\runneradmin".
2026-01-19T07:35:30.7758739Z 
2026-01-19T07:35:30.7759725Z SUCCESS: The file (or folder): "C:\Miniconda\shell\condabin\Conda.psm1" now owned by user "runnervm1bl6g\runneradmin".
2026-01-19T07:35:30.7776083Z Fixing etc/profile.d/ ownership
2026-01-19T07:35:30.8584521Z [command]C:\Windows\system32\takeown.exe /f C:\Miniconda\etc\profile.d\ /r /d y
2026-01-19T07:35:30.8663756Z 
2026-01-19T07:35:30.8664283Z SUCCESS: The file (or folder): "C:\Miniconda\etc\profile.d\" now owned by user "runnervm1bl6g\runneradmin".
2026-01-19T07:35:30.8671658Z 
2026-01-19T07:35:30.8672216Z SUCCESS: The file (or folder): "C:\Miniconda\etc\profile.d\conda.csh" now owned by user "runnervm1bl6g\runneradmin".
2026-01-19T07:35:30.8678019Z 
2026-01-19T07:35:30.8678692Z SUCCESS: The file (or folder): "C:\Miniconda\etc\profile.d\conda.sh" now owned by user "runnervm1bl6g\runneradmin".
2026-01-19T07:35:30.8705042Z [command]C:\Windows\system32\cmd.exe /D /S /C "C:\Miniconda\condabin\conda.bat init --all"
2026-01-19T07:35:37.1536980Z WARNING conda.common.path.windows:_path_to(100): cygpath is not available, fallback to manual path conversion
2026-01-19T07:35:37.1570316Z WARNING conda.common.path.windows:_path_to(100): cygpath is not available, fallback to manual path conversion
2026-01-19T07:35:37.1595633Z WARNING conda.common.path.windows:_path_to(100): cygpath is not available, fallback to manual path conversion
2026-01-19T07:35:37.1629643Z WARNING conda.common.path.windows:_path_to(100): cygpath is not available, fallback to manual path conversion
2026-01-19T07:35:37.1654976Z WARNING conda.common.path.windows:_path_to(100): cygpath is not available, fallback to manual path conversion
2026-01-19T07:35:37.1803878Z no change     C:\Miniconda\Scripts\conda.exe
2026-01-19T07:35:37.1804805Z no change     C:\Miniconda\Scripts\conda-env.exe
2026-01-19T07:35:37.1805365Z no change     C:\Miniconda\Scripts\conda-script.py
2026-01-19T07:35:37.1805873Z no change     C:\Miniconda\Scripts\conda-env-script.py
2026-01-19T07:35:37.1806340Z no change     C:\Miniconda\condabin\conda.bat
2026-01-19T07:35:37.1806785Z no change     C:\Miniconda\Library\bin\conda.bat
2026-01-19T07:35:37.1807246Z no change     C:\Miniconda\condabin\_conda_activate.bat
2026-01-19T07:35:37.1807719Z no change     C:\Miniconda\condabin\rename_tmp.bat
2026-01-19T07:35:37.1808235Z no change     C:\Miniconda\condabin\conda_auto_activate.bat
2026-01-19T07:35:37.1808739Z no change     C:\Miniconda\condabin\conda_hook.bat
2026-01-19T07:35:37.1809203Z no change     C:\Miniconda\Scripts\activate.bat
2026-01-19T07:35:37.1809651Z no change     C:\Miniconda\condabin\activate.bat
2026-01-19T07:35:37.1810129Z no change     C:\Miniconda\condabin\deactivate.bat
2026-01-19T07:35:37.1810558Z modified      C:\Miniconda\Scripts\activate
2026-01-19T07:35:37.1810969Z modified      C:\Miniconda\Scripts\deactivate
2026-01-19T07:35:37.1811453Z modified      C:\Miniconda\etc\profile.d\conda.sh
2026-01-19T07:35:37.1811924Z modified      C:\Miniconda\etc\fish\conf.d\conda.fish
2026-01-19T07:35:37.1812414Z no change     C:\Miniconda\shell\condabin\Conda.psm1
2026-01-19T07:35:37.1813166Z modified      C:\Miniconda\shell\condabin\conda-hook.ps1
2026-01-19T07:35:37.1813755Z no change     C:\Miniconda\Lib\site-packages\xontrib\conda.xsh
2026-01-19T07:35:37.1814288Z modified      C:\Miniconda\etc\profile.d\conda.csh
2026-01-19T07:35:37.1814735Z modified      C:\Users\runneradmin\.bash_profile
2026-01-19T07:35:37.1815164Z modified      C:\Users\runneradmin\.zshrc
2026-01-19T07:35:37.1815631Z modified      C:\Users\runneradmin\.config\fish\config.fish
2026-01-19T07:35:37.1816104Z modified      C:\Users\runneradmin\.xonshrc
2026-01-19T07:35:37.1816500Z modified      C:\Users\runneradmin\.tcshrc
2026-01-19T07:35:37.1817033Z modified      C:\Users\runneradmin\Documents\WindowsPowerShell\profile.ps1
2026-01-19T07:35:37.1817965Z modified      C:\Users\runneradmin\Documents\PowerShell\profile.ps1
2026-01-19T07:35:37.1818666Z modified      HKEY_CURRENT_USER\Software\Microsoft\Command Processor\AutoRun
2026-01-19T07:35:37.1819112Z 
2026-01-19T07:35:37.1819373Z ==> For changes to take effect, close and re-open your current shell. <==
2026-01-19T07:35:37.1819793Z 
2026-01-19T07:35:37.2618843Z Append to "C:\Users\runneradmin/.bash_profile":
2026-01-19T07:35:37.2619255Z  
2026-01-19T07:35:37.2619500Z   # ----------------------------------------------------------------------------
2026-01-19T07:35:37.2619865Z   # Conda Setup Action: Basic configuration
2026-01-19T07:35:37.2620132Z   set -eo pipefail
2026-01-19T07:35:37.2620335Z   # Conda Setup Action: Custom activation
2026-01-19T07:35:37.2620579Z   conda activate "test"
2026-01-19T07:35:37.2620843Z   # ---------------------------------------------------------------------------- 
2026-01-19T07:35:37.2621100Z 
2026-01-19T07:35:37.2622963Z Append to "C:\Users\runneradmin/.zshrc":
2026-01-19T07:35:37.2623685Z  
2026-01-19T07:35:37.2623945Z   # ----------------------------------------------------------------------------
2026-01-19T07:35:37.2624292Z   # Conda Setup Action: Basic configuration
2026-01-19T07:35:37.2624611Z   set -eo pipefail
2026-01-19T07:35:37.2624879Z   # Conda Setup Action: Custom activation
2026-01-19T07:35:37.2625112Z   conda activate "test"
2026-01-19T07:35:37.2625646Z   # ---------------------------------------------------------------------------- 
2026-01-19T07:35:37.2625902Z 
2026-01-19T07:35:37.2627120Z Append to "C:\Users\runneradmin/.config/fish/config.fish":
2026-01-19T07:35:37.2627625Z  
2026-01-19T07:35:37.2627861Z   # ----------------------------------------------------------------------------
2026-01-19T07:35:37.2628187Z   # Conda Setup Action: Basic configuration
2026-01-19T07:35:37.2628435Z   set -eo pipefail
2026-01-19T07:35:37.2628627Z   # Conda Setup Action: Custom activation
2026-01-19T07:35:37.2628866Z   conda activate "test"
2026-01-19T07:35:37.2629130Z   # ---------------------------------------------------------------------------- 
2026-01-19T07:35:37.2629383Z 
2026-01-19T07:35:37.2648913Z Append to "C:\Users\runneradmin/.tcshrc":
2026-01-19T07:35:37.2649428Z  
2026-01-19T07:35:37.2649764Z   # ----------------------------------------------------------------------------
2026-01-19T07:35:37.2650217Z   # Conda Setup Action: Basic configuration
2026-01-19T07:35:37.2650548Z   set -eo pipefail
2026-01-19T07:35:37.2650821Z   # Conda Setup Action: Custom activation
2026-01-19T07:35:37.2651134Z   conda activate "test"
2026-01-19T07:35:37.2651481Z   # ---------------------------------------------------------------------------- 
2026-01-19T07:35:37.2651804Z 
2026-01-19T07:35:37.2653398Z Append to "C:\Users\runneradmin/.xonshrc":
2026-01-19T07:35:37.2653915Z  
2026-01-19T07:35:37.2654236Z   # ----------------------------------------------------------------------------
2026-01-19T07:35:37.2654578Z   # Conda Setup Action: Basic configuration
2026-01-19T07:35:37.2654838Z   set -eo pipefail
2026-01-19T07:35:37.2655026Z   # Conda Setup Action: Custom activation
2026-01-19T07:35:37.2655266Z   conda activate "test"
2026-01-19T07:35:37.2655520Z   # ---------------------------------------------------------------------------- 
2026-01-19T07:35:37.2655765Z 
2026-01-19T07:35:37.2657956Z Append to "C:\Users\runneradmin/Documents/PowerShell/profile.ps1":
2026-01-19T07:35:37.2658483Z  
2026-01-19T07:35:37.2658822Z   # ----------------------------------------------------------------------------
2026-01-19T07:35:37.2659209Z   # Conda Setup Action: Custom activation
2026-01-19T07:35:37.2659447Z   conda activate "test"
2026-01-19T07:35:37.2659710Z   # ---------------------------------------------------------------------------- 
2026-01-19T07:35:37.2659949Z 
2026-01-19T07:35:37.2661668Z Append to "C:\Users\runneradmin/Documents/WindowsPowerShell/profile.ps1":
2026-01-19T07:35:37.2662099Z  
2026-01-19T07:35:37.2662820Z   # ----------------------------------------------------------------------------
2026-01-19T07:35:37.2663348Z   # Conda Setup Action: Custom activation
2026-01-19T07:35:37.2663726Z   conda activate "test"
2026-01-19T07:35:37.2664137Z   # ---------------------------------------------------------------------------- 
2026-01-19T07:35:37.2664552Z 
2026-01-19T07:35:37.2665262Z Append to "C:/Miniconda/etc/profile.d/conda.sh":
2026-01-19T07:35:37.2665706Z  
2026-01-19T07:35:37.2666058Z   # ----------------------------------------------------------------------------
2026-01-19T07:35:37.2666630Z   # Conda Setup Action: Basic configuration
2026-01-19T07:35:37.2667030Z   set -eo pipefail
2026-01-19T07:35:37.2667351Z   # Conda Setup Action: Custom activation
2026-01-19T07:35:37.2667723Z   conda activate "test"
2026-01-19T07:35:37.2668174Z   # ---------------------------------------------------------------------------- 
2026-01-19T07:35:37.2668464Z 
2026-01-19T07:35:37.2670297Z Append to "C:/Miniconda/etc/fish/conf.d/conda.fish":
2026-01-19T07:35:37.2670705Z  
2026-01-19T07:35:37.2670939Z   # ----------------------------------------------------------------------------
2026-01-19T07:35:37.2671277Z   # Conda Setup Action: Basic configuration
2026-01-19T07:35:37.2671521Z   set -eo pipefail
2026-01-19T07:35:37.2671706Z   # Conda Setup Action: Custom activation
2026-01-19T07:35:37.2671945Z   conda activate "test"
2026-01-19T07:35:37.2672400Z   # ---------------------------------------------------------------------------- 
2026-01-19T07:35:37.2672648Z 
2026-01-19T07:35:37.2673863Z Append to "C:/Miniconda/condabin/conda_hook.bat":
2026-01-19T07:35:37.2674300Z  
2026-01-19T07:35:37.2678569Z   :: ---------------------------------------------------------------------------
2026-01-19T07:35:37.2678973Z   :: Conda Setup Action: Custom activation
2026-01-19T07:35:37.2679252Z   @CALL "%CONDA_BAT%" activate "test"
2026-01-19T07:35:37.2679521Z   :: Conda Setup Action: Basic configuration
2026-01-19T07:35:37.2679942Z   @SETLOCAL EnableExtensions
2026-01-19T07:35:37.2680255Z   @SETLOCAL DisableDelayedExpansion
2026-01-19T07:35:37.2680570Z   :: --------------------------------------------------------------------------- 
2026-01-19T07:35:37.2680820Z 
2026-01-19T07:35:37.2681223Z ##[endgroup]
2026-01-19T07:35:37.2681559Z ##[group]Adding tools to 'base' env...
2026-01-19T07:35:37.2681796Z Do we need to update conda?
2026-01-19T07:35:37.2682206Z Do we need to update mamba?
2026-01-19T07:35:37.2684203Z Do we need to update python?
2026-01-19T07:35:37.2685982Z Do we need to update conda-build?
2026-01-19T07:35:37.2687547Z No tools were installed in 'base' env.
2026-01-19T07:35:37.2687992Z No post-install actions were taken on 'base' env.
2026-01-19T07:35:37.2688669Z ##[endgroup]
2026-01-19T07:35:37.2688985Z ##[group]Ensuring environment...
2026-01-19T07:35:37.2689937Z Can we conda create (from explicit)?
2026-01-19T07:35:37.2692081Z Can we conda create (simple)?
2026-01-19T07:35:37.2693839Z ... will conda create (simple).
2026-01-19T07:35:37.2696365Z Adding spec: python=3.13
2026-01-19T07:35:37.2696942Z ##[group]Updating 'test' env from conda create (simple)...
2026-01-19T07:35:37.2710041Z [command]C:\Windows\system32\cmd.exe /D /S /C "C:\Miniconda\condabin\conda.bat create --name test "python=3.13""
2026-01-19T07:35:42.1286477Z CI detected...
2026-01-19T07:35:42.1296716Z By accessing https://repo.anaconda.com/pkgs/main via CI for this repository you
2026-01-19T07:35:42.1297371Z acknowledge and agree to the Terms of Service:
2026-01-19T07:35:42.1297668Z ANACONDA TERMS OF SERVICE
2026-01-19T07:35:42.1297904Z Effective Date: July 15, 2025
2026-01-19T07:35:42.1298065Z 
2026-01-19T07:35:42.1298214Z See https://anaconda.com/legal/terms/terms-of-service
2026-01-19T07:35:42.1695425Z By accessing https://repo.anaconda.com/pkgs/r via CI for this repository you 
2026-01-19T07:35:42.1696200Z acknowledge and agree to the Terms of Service:
2026-01-19T07:35:42.1696670Z ANACONDA TERMS OF SERVICE
2026-01-19T07:35:42.1697026Z Effective Date: July 15, 2025
2026-01-19T07:35:42.1698272Z 
2026-01-19T07:35:42.1698540Z See https://anaconda.com/legal/terms/terms-of-service
2026-01-19T07:35:42.1731522Z By accessing https://repo.anaconda.com/pkgs/msys2 via CI for this repository 
2026-01-19T07:35:42.1732319Z you acknowledge and agree to the Terms of Service:
2026-01-19T07:35:42.1732823Z ANACONDA TERMS OF SERVICE
2026-01-19T07:35:42.1733189Z Effective Date: July 15, 2025
2026-01-19T07:35:42.1733448Z 
2026-01-19T07:35:42.1733677Z See https://anaconda.com/legal/terms/terms-of-service
2026-01-19T07:35:42.1780587Z 3 channel Terms of Service accepted
2026-01-19T07:35:42.6826091Z Retrieving notices: - \ | / - done
2026-01-19T07:35:43.2526107Z Channels:
2026-01-19T07:35:43.2526387Z  - defaults
2026-01-19T07:35:43.2526664Z Platform: win-64
2026-01-19T07:35:46.3313977Z Collecting package metadata (repodata.json): | / - \ | / - \ | / - \ | done
2026-01-19T07:35:46.6171201Z Solving environment: - \ done
2026-01-19T07:35:46.6773696Z 
2026-01-19T07:35:46.6773907Z ## Package Plan ##
2026-01-19T07:35:46.6774118Z 
2026-01-19T07:35:46.6774303Z   environment location: C:\Miniconda\envs\test
2026-01-19T07:35:46.6774647Z 
2026-01-19T07:35:46.6774767Z   added / updated specs:
2026-01-19T07:35:46.6775017Z     - python=3.13
2026-01-19T07:35:46.6775148Z 
2026-01-19T07:35:46.6775152Z 
2026-01-19T07:35:46.6775254Z The following packages will be downloaded:
2026-01-19T07:35:46.6775680Z 
2026-01-19T07:35:46.6775787Z     package                    |            build
2026-01-19T07:35:46.6776086Z     ---------------------------|-----------------
2026-01-19T07:35:46.6776396Z     bzip2-1.0.8                |       h2bbff1b_6          90 KB
2026-01-19T07:35:46.6776756Z     ca-certificates-2025.12.2  |       haa95532_0         125 KB
2026-01-19T07:35:46.6777118Z     libexpat-2.7.3             |       h885b0b7_4         119 KB
2026-01-19T07:35:46.6777481Z     libffi-3.4.4               |       hd77b12b_1         122 KB
2026-01-19T07:35:46.6777820Z     libmpdec-4.0.0             |       h827c3e9_0          95 KB
2026-01-19T07:35:46.6778165Z     libzlib-1.3.1              |       h02ab6af_0          64 KB
2026-01-19T07:35:46.6778493Z     openssl-3.0.18             |       h543e019_0         6.8 MB
2026-01-19T07:35:46.6778824Z     pip-25.3                   |     pyhc872135_0         1.1 MB
2026-01-19T07:35:46.6779161Z     python-3.13.11             |h260b955_100_cp313        15.7 MB
2026-01-19T07:35:46.6779504Z     python_abi-3.13            |          3_cp313           6 KB
2026-01-19T07:35:46.6779855Z     setuptools-80.9.0          |  py313haa95532_0         1.9 MB
2026-01-19T07:35:46.6780194Z     sqlite-3.51.1              |       hda9a48d_0         917 KB
2026-01-19T07:35:46.6780519Z     tk-8.6.15                  |       hf199647_0         3.5 MB
2026-01-19T07:35:46.6780834Z     tzdata-2025b               |       h04d1e81_0         116 KB
2026-01-19T07:35:46.6781176Z     ucrt-10.0.22621.0          |       haa95532_0         620 KB
2026-01-19T07:35:46.6781492Z     vc-14.3                    |      h2df5915_10          19 KB
2026-01-19T07:35:46.6781796Z     vc14_runtime-14.44.35208   |      h4927774_10         825 KB
2026-01-19T07:35:46.6782130Z     vs2015_runtime-14.44.35208 |      ha6b5a95_10          19 KB
2026-01-19T07:35:46.6782443Z     wheel-0.45.1               |  py313haa95532_0         167 KB
2026-01-19T07:35:46.6782743Z     xz-5.6.4                   |       h4754444_1         280 KB
2026-01-19T07:35:46.6783026Z     zlib-1.3.1                 |       h02ab6af_0         113 KB
2026-01-19T07:35:46.6783326Z     ------------------------------------------------------------
2026-01-19T07:35:46.6783608Z                                            Total:        32.7 MB
2026-01-19T07:35:46.6783783Z 
2026-01-19T07:35:46.6783886Z The following NEW packages will be INSTALLED:
2026-01-19T07:35:46.6784073Z 
2026-01-19T07:35:46.6784236Z   bzip2              pkgs/main/win-64::bzip2-1.0.8-h2bbff1b_6 
2026-01-19T07:35:46.6784760Z   ca-certificates    pkgs/main/win-64::ca-certificates-2025.12.2-haa95532_0 
2026-01-19T07:35:46.6785186Z   libexpat           pkgs/main/win-64::libexpat-2.7.3-h885b0b7_4 
2026-01-19T07:35:46.6785540Z   libffi             pkgs/main/win-64::libffi-3.4.4-hd77b12b_1 
2026-01-19T07:35:46.6785880Z   libmpdec           pkgs/main/win-64::libmpdec-4.0.0-h827c3e9_0 
2026-01-19T07:35:46.6786228Z   libzlib            pkgs/main/win-64::libzlib-1.3.1-h02ab6af_0 
2026-01-19T07:35:46.6786566Z   openssl            pkgs/main/win-64::openssl-3.0.18-h543e019_0 
2026-01-19T07:35:46.6786898Z   pip                pkgs/main/noarch::pip-25.3-pyhc872135_0 
2026-01-19T07:35:46.6787239Z   python             pkgs/main/win-64::python-3.13.11-h260b955_100_cp313 
2026-01-19T07:35:46.6787609Z   python_abi         pkgs/main/win-64::python_abi-3.13-3_cp313 
2026-01-19T07:35:46.6787990Z   setuptools         pkgs/main/win-64::setuptools-80.9.0-py313haa95532_0 
2026-01-19T07:35:46.6788364Z   sqlite             pkgs/main/win-64::sqlite-3.51.1-hda9a48d_0 
2026-01-19T07:35:46.6788683Z   tk                 pkgs/main/win-64::tk-8.6.15-hf199647_0 
2026-01-19T07:35:46.6788988Z   tzdata             pkgs/main/noarch::tzdata-2025b-h04d1e81_0 
2026-01-19T07:35:46.6789324Z   ucrt               pkgs/main/win-64::ucrt-10.0.22621.0-haa95532_0 
2026-01-19T07:35:46.6789641Z   vc                 pkgs/main/win-64::vc-14.3-h2df5915_10 
2026-01-19T07:35:46.6790074Z   vc14_runtime       pkgs/main/win-64::vc14_runtime-14.44.35208-h4927774_10 
2026-01-19T07:35:46.6790710Z   vs2015_runtime     pkgs/main/win-64::vs2015_runtime-14.44.35208-ha6b5a95_10 
2026-01-19T07:35:46.6791138Z   wheel              pkgs/main/win-64::wheel-0.45.1-py313haa95532_0 
2026-01-19T07:35:46.6791463Z   xz                 pkgs/main/win-64::xz-5.6.4-h4754444_1 
2026-01-19T07:35:46.6791763Z   zlib               pkgs/main/win-64::zlib-1.3.1-h02ab6af_0 
2026-01-19T07:35:46.6791962Z 
2026-01-19T07:35:46.6791965Z 
2026-01-19T07:35:46.6791969Z 
2026-01-19T07:35:46.7144685Z Downloading and Extracting Packages: ...working...
2026-01-19T07:35:46.7150094Z python-3.13.11       | 15.7 MB   |            |   0% 
2026-01-19T07:35:46.7152343Z 
2026-01-19T07:35:46.7162707Z openssl-3.0.18       | 6.8 MB    |            |   0% [A
2026-01-19T07:35:46.7163094Z 
2026-01-19T07:35:46.7163100Z 
2026-01-19T07:35:46.7167279Z tk-8.6.15            | 3.5 MB    |            |   0% [A[A
2026-01-19T07:35:46.7167662Z 
2026-01-19T07:35:46.7167667Z 
2026-01-19T07:35:46.7167672Z 
2026-01-19T07:35:46.7172864Z setuptools-80.9.0    | 1.9 MB    |            |   0% [A[A[A
2026-01-19T07:35:46.7173278Z 
2026-01-19T07:35:46.7173284Z 
2026-01-19T07:35:46.7173288Z 
2026-01-19T07:35:46.7174296Z 
2026-01-19T07:35:46.7178148Z pip-25.3             | 1.1 MB    |            |   0% [A[A[A[A
2026-01-19T07:35:46.7178518Z 
2026-01-19T07:35:46.7178524Z 
2026-01-19T07:35:46.7178529Z 
2026-01-19T07:35:46.7178533Z 
2026-01-19T07:35:46.7178550Z 
2026-01-19T07:35:46.7180305Z sqlite-3.51.1        | 917 KB    |            |   0% [A[A[A[A[A
2026-01-19T07:35:46.7180703Z 
2026-01-19T07:35:46.7180708Z 
2026-01-19T07:35:46.7180712Z 
2026-01-19T07:35:46.7180717Z 
2026-01-19T07:35:46.7180721Z 
2026-01-19T07:35:46.7180726Z 
2026-01-19T07:35:46.7183912Z vc14_runtime-14.44.3 | 825 KB    |            |   0% [A[A[A[A[A[A
2026-01-19T07:35:46.7184333Z 
2026-01-19T07:35:46.7184337Z 
2026-01-19T07:35:46.7184352Z 
2026-01-19T07:35:46.7184356Z 
2026-01-19T07:35:46.7184359Z 
2026-01-19T07:35:46.7184362Z 
2026-01-19T07:35:46.7184365Z 
2026-01-19T07:35:46.7185813Z ucrt-10.0.22621.0    | 620 KB    |            |   0% [A[A[A[A[A[A[A
2026-01-19T07:35:46.7186224Z 
2026-01-19T07:35:46.7186229Z 
2026-01-19T07:35:46.7186233Z 
2026-01-19T07:35:46.7186238Z 
2026-01-19T07:35:46.7186241Z 
2026-01-19T07:35:46.7186245Z 
2026-01-19T07:35:46.7186248Z 
2026-01-19T07:35:46.7186252Z 
2026-01-19T07:35:46.7189285Z xz-5.6.4             | 280 KB    |            |   0% [A[A[A[A[A[A[A[A
2026-01-19T07:35:46.7189669Z 
2026-01-19T07:35:46.7189885Z 
2026-01-19T07:35:46.7189890Z 
2026-01-19T07:35:46.7189893Z 
2026-01-19T07:35:46.7189896Z 
2026-01-19T07:35:46.7189899Z 
2026-01-19T07:35:46.7189902Z 
2026-01-19T07:35:46.7189905Z 
2026-01-19T07:35:46.7189914Z 
2026-01-19T07:35:46.7191774Z wheel-0.45.1         | 167 KB    |            |   0% [A[A[A[A[A[A[A[A[A
2026-01-19T07:35:46.7192192Z 
2026-01-19T07:35:46.7192209Z 
2026-01-19T07:35:46.7192213Z 
2026-01-19T07:35:46.7192218Z 
2026-01-19T07:35:46.7192223Z 
2026-01-19T07:35:46.7192227Z 
2026-01-19T07:35:46.7192232Z 
2026-01-19T07:35:46.7192237Z 
2026-01-19T07:35:46.7192241Z 
2026-01-19T07:35:46.7192245Z 
2026-01-19T07:35:46.7195314Z ca-certificates-2025 | 125 KB    |            |   0% [A[A[A[A[A[A[A[A[A[A
2026-01-19T07:35:46.7195695Z 
2026-01-19T07:35:46.7195698Z 
2026-01-19T07:35:46.7195701Z 
2026-01-19T07:35:46.7195704Z 
2026-01-19T07:35:46.7195707Z 
2026-01-19T07:35:46.7195710Z 
2026-01-19T07:35:46.7195713Z 
2026-01-19T07:35:46.7195716Z 
2026-01-19T07:35:46.7195729Z 
2026-01-19T07:35:46.7195732Z 
2026-01-19T07:35:46.7195745Z 
2026-01-19T07:35:46.7197305Z libffi-3.4.4         | 122 KB    |            |   0% [A[A[A[A[A[A[A[A[A[A[A
2026-01-19T07:35:46.7197744Z 
2026-01-19T07:35:46.7197749Z 
2026-01-19T07:35:46.7197754Z 
2026-01-19T07:35:46.7197758Z 
2026-01-19T07:35:46.7197763Z 
2026-01-19T07:35:46.7197986Z 
2026-01-19T07:35:46.7197991Z 
2026-01-19T07:35:46.7198003Z 
2026-01-19T07:35:46.7198008Z 
2026-01-19T07:35:46.7198012Z 
2026-01-19T07:35:46.7198016Z 
2026-01-19T07:35:46.7198020Z 
2026-01-19T07:35:46.7200131Z libexpat-2.7.3       | 119 KB    |            |   0% [A[A[A[A[A[A[A[A[A[A[A[A
2026-01-19T07:35:46.7200628Z 
2026-01-19T07:35:46.7200635Z 
2026-01-19T07:35:46.7200640Z 
2026-01-19T07:35:46.7200644Z 
2026-01-19T07:35:46.7200661Z 
2026-01-19T07:35:46.7200666Z 
2026-01-19T07:35:46.7200671Z 
2026-01-19T07:35:46.7200677Z 
2026-01-19T07:35:46.7200682Z 
2026-01-19T07:35:46.7200686Z 
2026-01-19T07:35:46.7200702Z 
2026-01-19T07:35:46.7200706Z 
2026-01-19T07:35:46.7200710Z 
2026-01-19T07:35:46.7203089Z tzdata-2025b         | 116 KB    |            |   0% [A[A[A[A[A[A[A[A[A[A[A[A[A
2026-01-19T07:35:46.7203580Z 
2026-01-19T07:35:46.7203586Z 
2026-01-19T07:35:46.7203590Z 
2026-01-19T07:35:46.7203594Z 
2026-01-19T07:35:46.7203598Z 
2026-01-19T07:35:46.7203602Z 
2026-01-19T07:35:46.7203617Z 
2026-01-19T07:35:46.7203622Z 
2026-01-19T07:35:46.7203627Z 
2026-01-19T07:35:46.7203631Z 
2026-01-19T07:35:46.7203645Z 
2026-01-19T07:35:46.7203649Z 
2026-01-19T07:35:46.7203654Z 
2026-01-19T07:35:46.7203702Z 
2026-01-19T07:35:46.7205798Z zlib-1.3.1           | 113 KB    |            |   0% [A[A[A[A[A[A[A[A[A[A[A[A[A[A
2026-01-19T07:35:46.7206298Z 
2026-01-19T07:35:46.7206303Z 
2026-01-19T07:35:46.7206317Z 
2026-01-19T07:35:46.7206321Z 
2026-01-19T07:35:46.7206325Z 
2026-01-19T07:35:46.7206330Z 
2026-01-19T07:35:46.7206334Z 
2026-01-19T07:35:46.7206338Z 
2026-01-19T07:35:46.7206353Z 
2026-01-19T07:35:46.7206358Z 
2026-01-19T07:35:46.7206363Z 
2026-01-19T07:35:46.7206367Z 
2026-01-19T07:35:46.7206371Z 
2026-01-19T07:35:46.7206375Z 
2026-01-19T07:35:46.7206379Z 
2026-01-19T07:35:46.7209058Z libmpdec-4.0.0       | 95 KB     |            |   0% [A[A[A[A[A[A[A[A[A[A[A[A[A[A[A
2026-01-19T07:35:46.7209593Z 
2026-01-19T07:35:46.7209608Z 
2026-01-19T07:35:46.7209613Z 
2026-01-19T07:35:46.7209617Z 
2026-01-19T07:35:46.7209622Z 
2026-01-19T07:35:46.7209626Z 
2026-01-19T07:35:46.7209630Z 
2026-01-19T07:35:46.7209634Z 
2026-01-19T07:35:46.7209638Z 
2026-01-19T07:35:46.7209642Z 
2026-01-19T07:35:46.7209647Z 
2026-01-19T07:35:46.7209651Z 
2026-01-19T07:35:46.7209655Z 
2026-01-19T07:35:46.7209659Z 
2026-01-19T07:35:46.7209663Z 
2026-01-19T07:35:46.7209668Z 
2026-01-19T07:35:46.7211730Z bzip2-1.0.8          | 90 KB     |            |   0% [A[A[A[A[A[A[A[A[A[A[A[A[A[A[A[A
2026-01-19T07:35:46.7212222Z 
2026-01-19T07:35:46.7212227Z 
2026-01-19T07:35:46.7212410Z 
2026-01-19T07:35:46.7212415Z 
2026-01-19T07:35:46.7212418Z 
2026-01-19T07:35:46.7212421Z 
2026-01-19T07:35:46.7212424Z 
2026-01-19T07:35:46.7212427Z 
2026-01-19T07:35:46.7212438Z 
2026-01-19T07:35:46.7212441Z 
2026-01-19T07:35:46.7212444Z 
2026-01-19T07:35:46.7212447Z 
2026-01-19T07:35:46.7212450Z 
2026-01-19T07:35:46.7212453Z 
2026-01-19T07:35:46.7212461Z 
2026-01-19T07:35:46.7212464Z 
2026-01-19T07:35:46.7212467Z 
2026-01-19T07:35:46.7214496Z libzlib-1.3.1        | 64 KB     |            |   0% [A[A[A[A[A[A[A[A[A[A[A[A[A[A[A[A[A
2026-01-19T07:35:46.7214996Z 
2026-01-19T07:35:46.7215001Z 
2026-01-19T07:35:46.7215006Z 
2026-01-19T07:35:46.7215010Z 
2026-01-19T07:35:46.7215015Z 
2026-01-19T07:35:46.7215020Z 
2026-01-19T07:35:46.7215024Z 
2026-01-19T07:35:46.7215028Z 
2026-01-19T07:35:46.7215033Z 
2026-01-19T07:35:46.7215037Z 
2026-01-19T07:35:46.7215041Z 
2026-01-19T07:35:46.7215046Z 
2026-01-19T07:35:46.7215050Z 
2026-01-19T07:35:46.7215063Z 
2026-01-19T07:35:46.7215068Z 
2026-01-19T07:35:46.7215072Z 
2026-01-19T07:35:46.7215077Z 
2026-01-19T07:35:46.7215081Z 
2026-01-19T07:35:46.7217531Z vs2015_runtime-14.44 | 19 KB     |            |   0% [A[A[A[A[A[A[A[A[A[A[A[A[A[A[A[A[A[A
2026-01-19T07:35:46.7218079Z 
2026-01-19T07:35:46.7218085Z 
2026-01-19T07:35:46.7218089Z 
2026-01-19T07:35:46.7218301Z 
2026-01-19T07:35:46.7218306Z 
2026-01-19T07:35:46.7218310Z 
2026-01-19T07:35:46.7218315Z 
2026-01-19T07:35:46.7218319Z 
2026-01-19T07:35:46.7218324Z 
2026-01-19T07:35:46.7218329Z 
2026-01-19T07:35:46.7218340Z 
2026-01-19T07:35:46.7218345Z 
2026-01-19T07:35:46.7218349Z 
2026-01-19T07:35:46.7218353Z 
2026-01-19T07:35:46.7218358Z 
2026-01-19T07:35:46.7218363Z 
2026-01-19T07:35:46.7218367Z 
2026-01-19T07:35:46.7218371Z 
2026-01-19T07:35:46.7218376Z 
2026-01-19T07:35:47.3277937Z  ... (more hidden) ...[A[A[A[A[A[A[A[A[A[A[A[A[A[A[A[A[A[A[A
2026-01-19T07:35:47.3278822Z 
2026-01-19T07:35:47.3278848Z 
2026-01-19T07:35:47.3278860Z 
2026-01-19T07:35:47.3424659Z setuptools-80.9.0    | 1.9 MB    |            |   1% [A[A[A
2026-01-19T07:35:47.3425635Z 
2026-01-19T07:35:47.3425641Z 
2026-01-19T07:35:47.3425645Z 
2026-01-19T07:35:47.3580127Z setuptools-80.9.0    | 1.9 MB    | ########## | 100% [A[A[A
2026-01-19T07:35:47.3580564Z 
2026-01-19T07:35:47.3580570Z 
2026-01-19T07:35:47.3582110Z tk-8.6.15            | 3.5 MB    |            |   0% [A[A
2026-01-19T07:35:47.3624242Z python-3.13.11       | 15.7 MB   |            |   0% 
2026-01-19T07:35:47.3624609Z 
2026-01-19T07:35:47.3624616Z 
2026-01-19T07:35:47.3624620Z 
2026-01-19T07:35:47.3625956Z 
2026-01-19T07:35:47.3715791Z pip-25.3             | 1.1 MB    | 1          |   1% [A[A[A[A
2026-01-19T07:35:47.3719017Z 
2026-01-19T07:35:47.3833674Z openssl-3.0.18       | 6.8 MB    |            |   0% [A
2026-01-19T07:35:47.3834286Z 
2026-01-19T07:35:47.3837321Z 
2026-01-19T07:35:47.3837352Z 
2026-01-19T07:35:47.3837557Z 
2026-01-19T07:35:47.3837638Z 
2026-01-19T07:35:47.4481425Z sqlite-3.51.1        | 917 KB    | 1          |   2% [A[A[A[A[A
2026-01-19T07:35:47.4481694Z 
2026-01-19T07:35:47.4481714Z 
2026-01-19T07:35:47.4481718Z 
2026-01-19T07:35:47.4481721Z 
2026-01-19T07:35:47.4485550Z 
2026-01-19T07:35:47.4565507Z sqlite-3.51.1        | 917 KB    | ########## | 100% [A[A[A[A[A
2026-01-19T07:35:47.4566562Z 
2026-01-19T07:35:47.4566573Z 
2026-01-19T07:35:47.4566578Z 
2026-01-19T07:35:47.4572588Z 
2026-01-19T07:35:47.4584549Z pip-25.3             | 1.1 MB    | ########## | 100% [A[A[A[A
2026-01-19T07:35:47.4585383Z 
2026-01-19T07:35:47.4585444Z 
2026-01-19T07:35:47.4602379Z tk-8.6.15            | 3.5 MB    | ########3  |  84% [A[A
2026-01-19T07:35:47.4726270Z python-3.13.11       | 15.7 MB   | #9         |  19% 
2026-01-19T07:35:47.4730067Z 
2026-01-19T07:35:47.4942340Z openssl-3.0.18       | 6.8 MB    | ###5       |  36% [A
2026-01-19T07:35:47.4942774Z 
2026-01-19T07:35:47.4943538Z 
2026-01-19T07:35:47.4943792Z 
2026-01-19T07:35:47.4943796Z 
2026-01-19T07:35:47.4943800Z 
2026-01-19T07:35:47.4943803Z 
2026-01-19T07:35:47.4949962Z 
2026-01-19T07:35:47.4964997Z ucrt-10.0.22621.0    | 620 KB    | 2          |   3% [A[A[A[A[A[A[A
2026-01-19T07:35:47.4965610Z 
2026-01-19T07:35:47.4965650Z 
2026-01-19T07:35:47.4965655Z 
2026-01-19T07:35:47.4965988Z 
2026-01-19T07:35:47.4966011Z 
2026-01-19T07:35:47.4967253Z 
2026-01-19T07:35:47.5402936Z vc14_runtime-14.44.3 | 825 KB    | 1          |   2% [A[A[A[A[A[A
2026-01-19T07:35:47.5404140Z 
2026-01-19T07:35:47.5404146Z 
2026-01-19T07:35:47.5404149Z 
2026-01-19T07:35:47.5404153Z 
2026-01-19T07:35:47.5404156Z 
2026-01-19T07:35:47.5404159Z 
2026-01-19T07:35:47.5404169Z 
2026-01-19T07:35:47.5532439Z ucrt-10.0.22621.0    | 620 KB    | ########## | 100% [A[A[A[A[A[A[A
2026-01-19T07:35:47.5533154Z 
2026-01-19T07:35:47.5533161Z 
2026-01-19T07:35:47.5533166Z 
2026-01-19T07:35:47.5533172Z 
2026-01-19T07:35:47.5533177Z 
2026-01-19T07:35:47.5533201Z 
2026-01-19T07:35:47.5589842Z vc14_runtime-14.44.3 | 825 KB    | ########## | 100% [A[A[A[A[A[A
2026-01-19T07:35:47.5731661Z python-3.13.11       | 15.7 MB   | ###3       |  33% 
2026-01-19T07:35:47.5733080Z 
2026-01-19T07:35:47.5874731Z openssl-3.0.18       | 6.8 MB    | #######2   |  73% [A
2026-01-19T07:35:47.5875329Z 
2026-01-19T07:35:47.5875337Z 
2026-01-19T07:35:47.5876109Z 
2026-01-19T07:35:47.5876115Z 
2026-01-19T07:35:47.5876120Z 
2026-01-19T07:35:47.5876125Z 
2026-01-19T07:35:47.5876130Z 
2026-01-19T07:35:47.5876141Z 
2026-01-19T07:35:47.5938533Z xz-5.6.4             | 280 KB    | 5          |   6% [A[A[A[A[A[A[A[A
2026-01-19T07:35:47.5939383Z 
2026-01-19T07:35:47.5939394Z 
2026-01-19T07:35:47.5939399Z 
2026-01-19T07:35:47.5939420Z 
2026-01-19T07:35:47.5939424Z 
2026-01-19T07:35:47.5939428Z 
2026-01-19T07:35:47.5939433Z 
2026-01-19T07:35:47.5939437Z 
2026-01-19T07:35:47.5939542Z 
2026-01-19T07:35:47.6076997Z wheel-0.45.1         | 167 KB    | 9          |  10% [A[A[A[A[A[A[A[A[A
2026-01-19T07:35:47.6077396Z 
2026-01-19T07:35:47.6077401Z 
2026-01-19T07:35:47.6077404Z 
2026-01-19T07:35:47.6077407Z 
2026-01-19T07:35:47.6077410Z 
2026-01-19T07:35:47.6077413Z 
2026-01-19T07:35:47.6077416Z 
2026-01-19T07:35:47.6077419Z 
2026-01-19T07:35:47.6079244Z 
2026-01-19T07:35:47.6142991Z wheel-0.45.1         | 167 KB    | ########## | 100% [A[A[A[A[A[A[A[A[A
2026-01-19T07:35:47.6143935Z 
2026-01-19T07:35:47.6143943Z 
2026-01-19T07:35:47.6143947Z 
2026-01-19T07:35:47.6143952Z 
2026-01-19T07:35:47.6143957Z 
2026-01-19T07:35:47.6143961Z 
2026-01-19T07:35:47.6143966Z 
2026-01-19T07:35:47.6143969Z 
2026-01-19T07:35:47.6234285Z xz-5.6.4             | 280 KB    | ########## | 100% [A[A[A[A[A[A[A[A
2026-01-19T07:35:47.6235457Z 
2026-01-19T07:35:47.6236806Z 
2026-01-19T07:35:47.6577966Z tk-8.6.15            | 3.5 MB    | ########## | 100% [A[A
2026-01-19T07:35:47.6578350Z 
2026-01-19T07:35:47.6578357Z 
2026-01-19T07:35:47.6578384Z 
2026-01-19T07:35:47.6578390Z 
2026-01-19T07:35:47.6578394Z 
2026-01-19T07:35:47.6578398Z 
2026-01-19T07:35:47.6578403Z 
2026-01-19T07:35:47.6578407Z 
2026-01-19T07:35:47.6578411Z 
2026-01-19T07:35:47.6578425Z 
2026-01-19T07:35:47.6593006Z ca-certificates-2025 | 125 KB    | #2         |  13% [A[A[A[A[A[A[A[A[A[A
2026-01-19T07:35:47.6647246Z python-3.13.11       | 15.7 MB   | #####5     |  55% 
2026-01-19T07:35:47.6648339Z 
2026-01-19T07:35:47.6648346Z 
2026-01-19T07:35:47.6648351Z 
2026-01-19T07:35:47.6648355Z 
2026-01-19T07:35:47.6648360Z 
2026-01-19T07:35:47.6648364Z 
2026-01-19T07:35:47.6648369Z 
2026-01-19T07:35:47.6648373Z 
2026-01-19T07:35:47.6648378Z 
2026-01-19T07:35:47.6649142Z 
2026-01-19T07:35:47.6689503Z ca-certificates-2025 | 125 KB    | ########## | 100% [A[A[A[A[A[A[A[A[A[A
2026-01-19T07:35:47.6690003Z 
2026-01-19T07:35:47.6690010Z 
2026-01-19T07:35:47.6690025Z 
2026-01-19T07:35:47.6690030Z 
2026-01-19T07:35:47.6690034Z 
2026-01-19T07:35:47.6690317Z 
2026-01-19T07:35:47.6690326Z 
2026-01-19T07:35:47.6690330Z 
2026-01-19T07:35:47.6690334Z 
2026-01-19T07:35:47.6690339Z 
2026-01-19T07:35:47.6690343Z 
2026-01-19T07:35:47.6691322Z 
2026-01-19T07:35:47.6703766Z libexpat-2.7.3       | 119 KB    | #3         |  13% [A[A[A[A[A[A[A[A[A[A[A[A
2026-01-19T07:35:47.6704264Z 
2026-01-19T07:35:47.6704269Z 
2026-01-19T07:35:47.6704288Z 
2026-01-19T07:35:47.6704292Z 
2026-01-19T07:35:47.6704297Z 
2026-01-19T07:35:47.6704301Z 
2026-01-19T07:35:47.6704306Z 
2026-01-19T07:35:47.6704310Z 
2026-01-19T07:35:47.6704315Z 
2026-01-19T07:35:47.6704319Z 
2026-01-19T07:35:47.6709414Z 
2026-01-19T07:35:47.6801250Z libffi-3.4.4         | 122 KB    | #3         |  13% [A[A[A[A[A[A[A[A[A[A[A
2026-01-19T07:35:47.6801907Z 
2026-01-19T07:35:47.6801913Z 
2026-01-19T07:35:47.6801918Z 
2026-01-19T07:35:47.6801923Z 
2026-01-19T07:35:47.6801928Z 
2026-01-19T07:35:47.6801932Z 
2026-01-19T07:35:47.6801937Z 
2026-01-19T07:35:47.6801941Z 
2026-01-19T07:35:47.6801967Z 
2026-01-19T07:35:47.6801973Z 
2026-01-19T07:35:47.6801977Z 
2026-01-19T07:35:47.6801981Z 
2026-01-19T07:35:47.6805537Z libexpat-2.7.3       | 119 KB    | ########## | 100% [A[A[A[A[A[A[A[A[A[A[A[A
2026-01-19T07:35:47.6806060Z 
2026-01-19T07:35:47.6806067Z 
2026-01-19T07:35:47.6806071Z 
2026-01-19T07:35:47.6806076Z 
2026-01-19T07:35:47.6806901Z 
2026-01-19T07:35:47.6806905Z 
2026-01-19T07:35:47.6806908Z 
2026-01-19T07:35:47.6806911Z 
2026-01-19T07:35:47.6806914Z 
2026-01-19T07:35:47.6806917Z 
2026-01-19T07:35:47.6811058Z 
2026-01-19T07:35:47.6954061Z libffi-3.4.4         | 122 KB    | ########## | 100% [A[A[A[A[A[A[A[A[A[A[A
2026-01-19T07:35:47.6954782Z 
2026-01-19T07:35:47.6954789Z 
2026-01-19T07:35:47.6954794Z 
2026-01-19T07:35:47.6954798Z 
2026-01-19T07:35:47.6954803Z 
2026-01-19T07:35:47.6976782Z sqlite-3.51.1        | 917 KB    | ########## | 100% [A[A[A[A[A
2026-01-19T07:35:47.6977112Z 
2026-01-19T07:35:47.6977116Z 
2026-01-19T07:35:47.6977130Z 
2026-01-19T07:35:47.6977134Z 
2026-01-19T07:35:47.6979001Z 
2026-01-19T07:35:47.7096981Z sqlite-3.51.1        | 917 KB    | ########## | 100% [A[A[A[A[A
2026-01-19T07:35:47.7097659Z 
2026-01-19T07:35:47.7097666Z 
2026-01-19T07:35:47.7097670Z 
2026-01-19T07:35:47.7097675Z 
2026-01-19T07:35:47.7097679Z 
2026-01-19T07:35:47.7097683Z 
2026-01-19T07:35:47.7097701Z 
2026-01-19T07:35:47.7097706Z 
2026-01-19T07:35:47.7097710Z 
2026-01-19T07:35:47.7097715Z 
2026-01-19T07:35:47.7097719Z 
2026-01-19T07:35:47.7097724Z 
2026-01-19T07:35:47.7097728Z 
2026-01-19T07:35:47.7170598Z tzdata-2025b         | 116 KB    | #3         |  14% [A[A[A[A[A[A[A[A[A[A[A[A[A
2026-01-19T07:35:47.7171166Z 
2026-01-19T07:35:47.7171173Z 
2026-01-19T07:35:47.7171177Z 
2026-01-19T07:35:47.7171181Z 
2026-01-19T07:35:47.7171185Z 
2026-01-19T07:35:47.7171190Z 
2026-01-19T07:35:47.7171194Z 
2026-01-19T07:35:47.7171199Z 
2026-01-19T07:35:47.7171203Z 
2026-01-19T07:35:47.7171207Z 
2026-01-19T07:35:47.7171588Z 
2026-01-19T07:35:47.7171615Z 
2026-01-19T07:35:47.7174696Z 
2026-01-19T07:35:47.7187551Z tzdata-2025b         | 116 KB    | ########## | 100% [A[A[A[A[A[A[A[A[A[A[A[A[A
2026-01-19T07:35:47.7190135Z 
2026-01-19T07:35:47.7190161Z 
2026-01-19T07:35:47.7190183Z 
2026-01-19T07:35:47.7190188Z 
2026-01-19T07:35:47.7190193Z 
2026-01-19T07:35:47.7190210Z 
2026-01-19T07:35:47.7190215Z 
2026-01-19T07:35:47.7190220Z 
2026-01-19T07:35:47.7190224Z 
2026-01-19T07:35:47.7190229Z 
2026-01-19T07:35:47.7190233Z 
2026-01-19T07:35:47.7190238Z 
2026-01-19T07:35:47.7190242Z 
2026-01-19T07:35:47.7190247Z 
2026-01-19T07:35:47.7291095Z zlib-1.3.1           | 113 KB    | #4         |  14% [A[A[A[A[A[A[A[A[A[A[A[A[A[A
2026-01-19T07:35:47.7292569Z 
2026-01-19T07:35:47.7292577Z 
2026-01-19T07:35:47.7292582Z 
2026-01-19T07:35:47.7292586Z 
2026-01-19T07:35:47.7292591Z 
2026-01-19T07:35:47.7292596Z 
2026-01-19T07:35:47.7292600Z 
2026-01-19T07:35:47.7292604Z 
2026-01-19T07:35:47.7293187Z 
2026-01-19T07:35:47.7293211Z 
2026-01-19T07:35:47.7293215Z 
2026-01-19T07:35:47.7293219Z 
2026-01-19T07:35:47.7293224Z 
2026-01-19T07:35:47.7293228Z 
2026-01-19T07:35:47.7293232Z 
2026-01-19T07:35:47.7327074Z libmpdec-4.0.0       | 95 KB     | #6         |  17% [A[A[A[A[A[A[A[A[A[A[A[A[A[A[A
2026-01-19T07:35:47.7327507Z 
2026-01-19T07:35:47.7327528Z 
2026-01-19T07:35:47.7327532Z 
2026-01-19T07:35:47.7327535Z 
2026-01-19T07:35:47.7327538Z 
2026-01-19T07:35:47.7327540Z 
2026-01-19T07:35:47.7327543Z 
2026-01-19T07:35:47.7327546Z 
2026-01-19T07:35:47.7327549Z 
2026-01-19T07:35:47.7327552Z 
2026-01-19T07:35:47.7327555Z 
2026-01-19T07:35:47.7327565Z 
2026-01-19T07:35:47.7327568Z 
2026-01-19T07:35:47.7329418Z 
2026-01-19T07:35:47.7389816Z zlib-1.3.1           | 113 KB    | ########## | 100% [A[A[A[A[A[A[A[A[A[A[A[A[A[A
2026-01-19T07:35:47.7390637Z 
2026-01-19T07:35:47.7390643Z 
2026-01-19T07:35:47.7390647Z 
2026-01-19T07:35:47.7390659Z 
2026-01-19T07:35:47.7390673Z 
2026-01-19T07:35:47.7390676Z 
2026-01-19T07:35:47.7390679Z 
2026-01-19T07:35:47.7390682Z 
2026-01-19T07:35:47.7390685Z 
2026-01-19T07:35:47.7390688Z 
2026-01-19T07:35:47.7390690Z 
2026-01-19T07:35:47.7390693Z 
2026-01-19T07:35:47.7390696Z 
2026-01-19T07:35:47.7390699Z 
2026-01-19T07:35:47.7392586Z 
2026-01-19T07:35:47.7597682Z libmpdec-4.0.0       | 95 KB     | ########## | 100% [A[A[A[A[A[A[A[A[A[A[A[A[A[A[A
2026-01-19T07:35:47.7598397Z 
2026-01-19T07:35:47.7598416Z 
2026-01-19T07:35:47.7598420Z 
2026-01-19T07:35:47.7598425Z 
2026-01-19T07:35:47.7598429Z 
2026-01-19T07:35:47.7598433Z 
2026-01-19T07:35:47.7598437Z 
2026-01-19T07:35:47.7598442Z 
2026-01-19T07:35:47.7598446Z 
2026-01-19T07:35:47.7598451Z 
2026-01-19T07:35:47.7598456Z 
2026-01-19T07:35:47.7598469Z 
2026-01-19T07:35:47.7598474Z 
2026-01-19T07:35:47.7598478Z 
2026-01-19T07:35:47.7598482Z 
2026-01-19T07:35:47.7599898Z 
2026-01-19T07:35:47.7605187Z bzip2-1.0.8          | 90 KB     | #7         |  18% [A[A[A[A[A[A[A[A[A[A[A[A[A[A[A[A
2026-01-19T07:35:47.7676913Z python-3.13.11       | 15.7 MB   | #######6   |  76% 
2026-01-19T07:35:47.7677287Z 
2026-01-19T07:35:47.7677747Z 
2026-01-19T07:35:47.7677754Z 
2026-01-19T07:35:47.7677759Z 
2026-01-19T07:35:47.7677763Z 
2026-01-19T07:35:47.7677768Z 
2026-01-19T07:35:47.7677772Z 
2026-01-19T07:35:47.7678047Z 
2026-01-19T07:35:47.7678052Z 
2026-01-19T07:35:47.7678056Z 
2026-01-19T07:35:47.7678060Z 
2026-01-19T07:35:47.7678082Z 
2026-01-19T07:35:47.7678086Z 
2026-01-19T07:35:47.7678090Z 
2026-01-19T07:35:47.7678226Z 
2026-01-19T07:35:47.7678276Z 
2026-01-19T07:35:47.7756089Z bzip2-1.0.8          | 90 KB     | ########## | 100% [A[A[A[A[A[A[A[A[A[A[A[A[A[A[A[A
2026-01-19T07:35:47.7756998Z 
2026-01-19T07:35:47.7757005Z 
2026-01-19T07:35:47.7757010Z 
2026-01-19T07:35:47.7757014Z 
2026-01-19T07:35:47.7757019Z 
2026-01-19T07:35:47.7757024Z 
2026-01-19T07:35:47.7757028Z 
2026-01-19T07:35:47.7757045Z 
2026-01-19T07:35:47.7757050Z 
2026-01-19T07:35:47.7757055Z 
2026-01-19T07:35:47.7757058Z 
2026-01-19T07:35:47.7757062Z 
2026-01-19T07:35:47.7757076Z 
2026-01-19T07:35:47.7757081Z 
2026-01-19T07:35:47.7757085Z 
2026-01-19T07:35:47.7757090Z 
2026-01-19T07:35:47.7759870Z 
2026-01-19T07:35:47.7811523Z libzlib-1.3.1        | 64 KB     | ##4        |  25% [A[A[A[A[A[A[A[A[A[A[A[A[A[A[A[A[A
2026-01-19T07:35:47.7813531Z 
2026-01-19T07:35:47.7813558Z 
2026-01-19T07:35:47.7813563Z 
2026-01-19T07:35:47.7813568Z 
2026-01-19T07:35:47.7813572Z 
2026-01-19T07:35:47.7813577Z 
2026-01-19T07:35:47.7813581Z 
2026-01-19T07:35:47.7813585Z 
2026-01-19T07:35:47.7813590Z 
2026-01-19T07:35:47.7813594Z 
2026-01-19T07:35:47.7813598Z 
2026-01-19T07:35:47.7813603Z 
2026-01-19T07:35:47.7813607Z 
2026-01-19T07:35:47.7813612Z 
2026-01-19T07:35:47.7813616Z 
2026-01-19T07:35:47.7813620Z 
2026-01-19T07:35:47.7813625Z 
2026-01-19T07:35:47.7813630Z 
2026-01-19T07:35:47.7832787Z vs2015_runtime-14.44 | 19 KB     | ########3  |  84% [A[A[A[A[A[A[A[A[A[A[A[A[A[A[A[A[A[A
2026-01-19T07:35:47.7833343Z 
2026-01-19T07:35:47.7833349Z 
2026-01-19T07:35:47.7833353Z 
2026-01-19T07:35:47.7833358Z 
2026-01-19T07:35:47.7833362Z 
2026-01-19T07:35:47.7833367Z 
2026-01-19T07:35:47.7833371Z 
2026-01-19T07:35:47.7833376Z 
2026-01-19T07:35:47.7833380Z 
2026-01-19T07:35:47.7833396Z 
2026-01-19T07:35:47.7833400Z 
2026-01-19T07:35:47.7833405Z 
2026-01-19T07:35:47.7833409Z 
2026-01-19T07:35:47.7833414Z 
2026-01-19T07:35:47.7833432Z 
2026-01-19T07:35:47.7833436Z 
2026-01-19T07:35:47.7837758Z 
2026-01-19T07:35:47.7865661Z libzlib-1.3.1        | 64 KB     | ########## | 100% [A[A[A[A[A[A[A[A[A[A[A[A[A[A[A[A[A
2026-01-19T07:35:47.7866191Z 
2026-01-19T07:35:47.7866197Z 
2026-01-19T07:35:47.7866209Z 
2026-01-19T07:35:47.7866213Z 
2026-01-19T07:35:47.7866217Z 
2026-01-19T07:35:47.7866221Z 
2026-01-19T07:35:47.7866226Z 
2026-01-19T07:35:47.7866230Z 
2026-01-19T07:35:47.7866245Z 
2026-01-19T07:35:47.7866250Z 
2026-01-19T07:35:47.7866255Z 
2026-01-19T07:35:47.7866259Z 
2026-01-19T07:35:47.7866263Z 
2026-01-19T07:35:47.7866267Z 
2026-01-19T07:35:47.7866271Z 
2026-01-19T07:35:47.7866275Z 
2026-01-19T07:35:47.7866280Z 
2026-01-19T07:35:47.7873412Z 
2026-01-19T07:35:47.7907902Z vs2015_runtime-14.44 | 19 KB     | ########## | 100% [A[A[A[A[A[A[A[A[A[A[A[A[A[A[A[A[A[A
2026-01-19T07:35:47.7914157Z 
2026-01-19T07:35:47.8135216Z openssl-3.0.18       | 6.8 MB    | ########## | 100% [A
2026-01-19T07:35:47.8136564Z 
2026-01-19T07:35:47.8136571Z 
2026-01-19T07:35:47.8136576Z 
2026-01-19T07:35:47.8136580Z 
2026-01-19T07:35:47.8136585Z 
2026-01-19T07:35:47.8136589Z 
2026-01-19T07:35:47.8136594Z 
2026-01-19T07:35:47.8136598Z 
2026-01-19T07:35:47.8136603Z 
2026-01-19T07:35:47.8136607Z 
2026-01-19T07:35:47.8136612Z 
2026-01-19T07:35:47.8136616Z 
2026-01-19T07:35:47.8136620Z 
2026-01-19T07:35:47.8136624Z 
2026-01-19T07:35:47.8136628Z 
2026-01-19T07:35:47.8136644Z 
2026-01-19T07:35:47.8136650Z 
2026-01-19T07:35:47.8136655Z 
2026-01-19T07:35:47.8136660Z 
2026-01-19T07:35:47.8178428Z  ... (more hidden) ...[A[A[A[A[A[A[A[A[A[A[A[A[A[A[A[A[A[A[A
2026-01-19T07:35:47.8179380Z 
2026-01-19T07:35:47.8179387Z 
2026-01-19T07:35:47.8179392Z 
2026-01-19T07:35:47.8179397Z 
2026-01-19T07:35:47.8179402Z 
2026-01-19T07:35:47.8179419Z 
2026-01-19T07:35:47.8179424Z 
2026-01-19T07:35:47.8179428Z 
2026-01-19T07:35:47.8179432Z 
2026-01-19T07:35:47.8179437Z 
2026-01-19T07:35:47.8179441Z 
2026-01-19T07:35:47.8179459Z 
2026-01-19T07:35:47.8179615Z 
2026-01-19T07:35:47.8179636Z 
2026-01-19T07:35:47.8179641Z 
2026-01-19T07:35:47.8179646Z 
2026-01-19T07:35:47.8179650Z 
2026-01-19T07:35:47.8179654Z 
2026-01-19T07:35:47.8179666Z 
2026-01-19T07:35:47.8766743Z  ... (more hidden) ...[A[A[A[A[A[A[A[A[A[A[A[A[A[A[A[A[A[A[A
2026-01-19T07:35:47.8768380Z python-3.13.11       | 15.7 MB   | ########## | 100% 
2026-01-19T07:35:48.3068265Z python-3.13.11       | 15.7 MB   | ########## | 100% 
2026-01-19T07:35:48.3068907Z 
2026-01-19T07:35:48.3069277Z 
2026-01-19T07:35:48.3069282Z 
2026-01-19T07:35:48.3069288Z 
2026-01-19T07:35:48.3069293Z 
2026-01-19T07:35:48.3069298Z 
2026-01-19T07:35:48.3069340Z 
2026-01-19T07:35:48.3079187Z ucrt-10.0.22621.0    | 620 KB    | ########## | 100% [A[A[A[A[A[A[A
2026-01-19T07:35:48.3079668Z 
2026-01-19T07:35:48.3079687Z 
2026-01-19T07:35:48.3079692Z 
2026-01-19T07:35:48.3079696Z 
2026-01-19T07:35:48.3079701Z 
2026-01-19T07:35:48.3079706Z 
2026-01-19T07:35:48.3082679Z 
2026-01-19T07:35:48.4701720Z ucrt-10.0.22621.0    | 620 KB    | ########## | 100% [A[A[A[A[A[A[A
2026-01-19T07:35:48.4702409Z 
2026-01-19T07:35:48.4702416Z 
2026-01-19T07:35:48.4702421Z 
2026-01-19T07:35:48.4702426Z 
2026-01-19T07:35:48.4702431Z 
2026-01-19T07:35:48.4702439Z 
2026-01-19T07:35:48.4710254Z vc14_runtime-14.44.3 | 825 KB    | ########## | 100% [A[A[A[A[A[A
2026-01-19T07:35:48.4713500Z 
2026-01-19T07:35:48.4713527Z 
2026-01-19T07:35:48.4713532Z 
2026-01-19T07:35:48.4713536Z 
2026-01-19T07:35:48.4713542Z 
2026-01-19T07:35:48.4713555Z 
2026-01-19T07:35:48.7015199Z vc14_runtime-14.44.3 | 825 KB    | ########## | 100% [A[A[A[A[A[A
2026-01-19T07:35:48.7016237Z 
2026-01-19T07:35:48.7016245Z 
2026-01-19T07:35:48.7016259Z 
2026-01-19T07:35:48.7016264Z 
2026-01-19T07:35:48.7016288Z 
2026-01-19T07:35:48.7016292Z 
2026-01-19T07:35:48.7016295Z 
2026-01-19T07:35:48.7016300Z 
2026-01-19T07:35:48.7016304Z 
2026-01-19T07:35:48.7023687Z wheel-0.45.1         | 167 KB    | ########## | 100% [A[A[A[A[A[A[A[A[A
2026-01-19T07:35:48.7024335Z 
2026-01-19T07:35:48.7024342Z 
2026-01-19T07:35:48.7024346Z 
2026-01-19T07:35:48.7024350Z 
2026-01-19T07:35:48.7024356Z 
2026-01-19T07:35:48.7024360Z 
2026-01-19T07:35:48.7024364Z 
2026-01-19T07:35:48.7024369Z 
2026-01-19T07:35:48.7024373Z 
2026-01-19T07:35:48.8793219Z wheel-0.45.1         | 167 KB    | ########## | 100% [A[A[A[A[A[A[A[A[A
2026-01-19T07:35:48.8794510Z 
2026-01-19T07:35:48.8794527Z 
2026-01-19T07:35:48.8794532Z 
2026-01-19T07:35:48.8794537Z 
2026-01-19T07:35:48.8794542Z 
2026-01-19T07:35:48.8794547Z 
2026-01-19T07:35:48.8794551Z 
2026-01-19T07:35:48.8794555Z 
2026-01-19T07:35:48.8797942Z xz-5.6.4             | 280 KB    | ########## | 100% [A[A[A[A[A[A[A[A
2026-01-19T07:35:48.8799906Z 
2026-01-19T07:35:48.8799915Z 
2026-01-19T07:35:48.8799928Z 
2026-01-19T07:35:48.8799932Z 
2026-01-19T07:35:48.8799937Z 
2026-01-19T07:35:48.8799941Z 
2026-01-19T07:35:48.8799946Z 
2026-01-19T07:35:48.8799951Z 
2026-01-19T07:35:49.2369425Z xz-5.6.4             | 280 KB    | ########## | 100% [A[A[A[A[A[A[A[A
2026-01-19T07:35:49.2370063Z 
2026-01-19T07:35:49.2370072Z 
2026-01-19T07:35:49.2370077Z 
2026-01-19T07:35:49.2370082Z 
2026-01-19T07:35:49.2375916Z pip-25.3             | 1.1 MB    | ########## | 100% [A[A[A[A
2026-01-19T07:35:49.2376326Z 
2026-01-19T07:35:49.2376338Z 
2026-01-19T07:35:49.2376368Z 
2026-01-19T07:35:49.2377856Z 
2026-01-19T07:35:49.2989821Z pip-25.3             | 1.1 MB    | ########## | 100% [A[A[A[A
2026-01-19T07:35:49.2990227Z 
2026-01-19T07:35:49.2990233Z 
2026-01-19T07:35:49.2990239Z 
2026-01-19T07:35:49.2990255Z 
2026-01-19T07:35:49.2990261Z 
2026-01-19T07:35:49.2990266Z 
2026-01-19T07:35:49.2990271Z 
2026-01-19T07:35:49.2990293Z 
2026-01-19T07:35:49.2990298Z 
2026-01-19T07:35:49.2990302Z 
2026-01-19T07:35:49.2998900Z ca-certificates-2025 | 125 KB    | ########## | 100% [A[A[A[A[A[A[A[A[A[A
2026-01-19T07:35:49.2999632Z 
2026-01-19T07:35:49.2999640Z 
2026-01-19T07:35:49.2999644Z 
2026-01-19T07:35:49.2999649Z 
2026-01-19T07:35:49.2999654Z 
2026-01-19T07:35:49.2999658Z 
2026-01-19T07:35:49.2999662Z 
2026-01-19T07:35:49.2999667Z 
2026-01-19T07:35:49.2999671Z 
2026-01-19T07:35:49.2999676Z 
2026-01-19T07:35:49.3872618Z ca-certificates-2025 | 125 KB    | ########## | 100% [A[A[A[A[A[A[A[A[A[A
2026-01-19T07:35:49.3873478Z 
2026-01-19T07:35:49.3873486Z 
2026-01-19T07:35:49.3873491Z 
2026-01-19T07:35:49.3873496Z 
2026-01-19T07:35:49.3873500Z 
2026-01-19T07:35:49.3873505Z 
2026-01-19T07:35:49.3873509Z 
2026-01-19T07:35:49.3873515Z 
2026-01-19T07:35:49.3873520Z 
2026-01-19T07:35:49.3873525Z 
2026-01-19T07:35:49.3873530Z 
2026-01-19T07:35:49.3873946Z 
2026-01-19T07:35:49.3886370Z libexpat-2.7.3       | 119 KB    | ########## | 100% [A[A[A[A[A[A[A[A[A[A[A[A
2026-01-19T07:35:49.3886876Z 
2026-01-19T07:35:49.3886881Z 
2026-01-19T07:35:49.3886886Z 
2026-01-19T07:35:49.3886890Z 
2026-01-19T07:35:49.3886895Z 
2026-01-19T07:35:49.3886898Z 
2026-01-19T07:35:49.3886903Z 
2026-01-19T07:35:49.3886907Z 
2026-01-19T07:35:49.3886912Z 
2026-01-19T07:35:49.3886916Z 
2026-01-19T07:35:49.3886921Z 
2026-01-19T07:35:49.3886925Z 
2026-01-19T07:35:50.4905870Z libexpat-2.7.3       | 119 KB    | ########## | 100% [A[A[A[A[A[A[A[A[A[A[A[A
2026-01-19T07:35:50.4906430Z 
2026-01-19T07:35:50.4906436Z 
2026-01-19T07:35:50.4906722Z 
2026-01-19T07:35:50.4906731Z 
2026-01-19T07:35:50.4906737Z 
2026-01-19T07:35:50.4906745Z 
2026-01-19T07:35:50.4906762Z 
2026-01-19T07:35:50.4906767Z 
2026-01-19T07:35:50.4906772Z 
2026-01-19T07:35:50.4906777Z 
2026-01-19T07:35:50.4906791Z 
2026-01-19T07:35:50.4914314Z libffi-3.4.4         | 122 KB    | ########## | 100% [A[A[A[A[A[A[A[A[A[A[A
2026-01-19T07:35:50.4915100Z 
2026-01-19T07:35:50.4915106Z 
2026-01-19T07:35:50.4915121Z 
2026-01-19T07:35:50.4915126Z 
2026-01-19T07:35:50.4915131Z 
2026-01-19T07:35:50.4915135Z 
2026-01-19T07:35:50.4915140Z 
2026-01-19T07:35:50.4915145Z 
2026-01-19T07:35:50.4915149Z 
2026-01-19T07:35:50.4915154Z 
2026-01-19T07:35:50.4915158Z 
2026-01-19T07:35:50.7050262Z libffi-3.4.4         | 122 KB    | ########## | 100% [A[A[A[A[A[A[A[A[A[A[A
2026-01-19T07:35:50.7050753Z 
2026-01-19T07:35:50.7050760Z 
2026-01-19T07:35:50.7050772Z 
2026-01-19T07:35:50.7051207Z setuptools-80.9.0    | 1.9 MB    | ########## | 100% [A[A[A
2026-01-19T07:35:50.7051623Z 
2026-01-19T07:35:50.7051629Z 
2026-01-19T07:35:50.7051991Z 
2026-01-19T07:35:50.8001470Z setuptools-80.9.0    | 1.9 MB    | ########## | 100% [A[A[A
2026-01-19T07:35:50.8001924Z 
2026-01-19T07:35:50.8001930Z 
2026-01-19T07:35:50.8001935Z 
2026-01-19T07:35:50.8001940Z 
2026-01-19T07:35:50.8001945Z 
2026-01-19T07:35:50.8001950Z 
2026-01-19T07:35:50.8002199Z 
2026-01-19T07:35:50.8002202Z 
2026-01-19T07:35:50.8002223Z 
2026-01-19T07:35:50.8002227Z 
2026-01-19T07:35:50.8002232Z 
2026-01-19T07:35:50.8002237Z 
2026-01-19T07:35:50.8002242Z 
2026-01-19T07:35:50.8002247Z 
2026-01-19T07:35:50.8008523Z zlib-1.3.1           | 113 KB    | ########## | 100% [A[A[A[A[A[A[A[A[A[A[A[A[A[A
2026-01-19T07:35:50.8009018Z 
2026-01-19T07:35:50.8009024Z 
2026-01-19T07:35:50.8009038Z 
2026-01-19T07:35:50.8009044Z 
2026-01-19T07:35:50.8009048Z 
2026-01-19T07:35:50.8009053Z 
2026-01-19T07:35:50.8009057Z 
2026-01-19T07:35:50.8009061Z 
2026-01-19T07:35:50.8009087Z 
2026-01-19T07:35:50.8009147Z 
2026-01-19T07:35:50.8009151Z 
2026-01-19T07:35:50.8009348Z 
2026-01-19T07:35:50.8009502Z 
2026-01-19T07:35:50.8009687Z 
2026-01-19T07:35:51.3279446Z zlib-1.3.1           | 113 KB    | ########## | 100% [A[A[A[A[A[A[A[A[A[A[A[A[A[A
2026-01-19T07:35:51.3279985Z 
2026-01-19T07:35:51.3279991Z 
2026-01-19T07:35:51.3279996Z 
2026-01-19T07:35:51.3280026Z 
2026-01-19T07:35:51.3280030Z 
2026-01-19T07:35:51.3280034Z 
2026-01-19T07:35:51.3280039Z 
2026-01-19T07:35:51.3280043Z 
2026-01-19T07:35:51.3280048Z 
2026-01-19T07:35:51.3280052Z 
2026-01-19T07:35:51.3280058Z 
2026-01-19T07:35:51.3280062Z 
2026-01-19T07:35:51.3280067Z 
2026-01-19T07:35:51.3280071Z 
2026-01-19T07:35:51.3280084Z 
2026-01-19T07:35:51.3288369Z libmpdec-4.0.0       | 95 KB     | ########## | 100% [A[A[A[A[A[A[A[A[A[A[A[A[A[A[A
2026-01-19T07:35:51.3288931Z 
2026-01-19T07:35:51.3288938Z 
2026-01-19T07:35:51.3288943Z 
2026-01-19T07:35:51.3288947Z 
2026-01-19T07:35:51.3288973Z 
2026-01-19T07:35:51.3288979Z 
2026-01-19T07:35:51.3288994Z 
2026-01-19T07:35:51.3288999Z 
2026-01-19T07:35:51.3289004Z 
2026-01-19T07:35:51.3289008Z 
2026-01-19T07:35:51.3289013Z 
2026-01-19T07:35:51.3289018Z 
2026-01-19T07:35:51.3289023Z 
2026-01-19T07:35:51.3289028Z 
2026-01-19T07:35:51.3291250Z 
2026-01-19T07:35:51.4276735Z libmpdec-4.0.0       | 95 KB     | ########## | 100% [A[A[A[A[A[A[A[A[A[A[A[A[A[A[A
2026-01-19T07:35:51.4277830Z 
2026-01-19T07:35:51.4277836Z 
2026-01-19T07:35:51.4277841Z 
2026-01-19T07:35:51.4277845Z 
2026-01-19T07:35:51.4277849Z 
2026-01-19T07:35:51.4277853Z 
2026-01-19T07:35:51.4277858Z 
2026-01-19T07:35:51.4277862Z 
2026-01-19T07:35:51.4277866Z 
2026-01-19T07:35:51.4277870Z 
2026-01-19T07:35:51.4277874Z 
2026-01-19T07:35:51.4277878Z 
2026-01-19T07:35:51.4277882Z 
2026-01-19T07:35:51.4277887Z 
2026-01-19T07:35:51.4277891Z 
2026-01-19T07:35:51.4277895Z 
2026-01-19T07:35:51.4285362Z bzip2-1.0.8          | 90 KB     | ########## | 100% [A[A[A[A[A[A[A[A[A[A[A[A[A[A[A[A
2026-01-19T07:35:51.4286130Z 
2026-01-19T07:35:51.4286137Z 
2026-01-19T07:35:51.4286141Z 
2026-01-19T07:35:51.4286145Z 
2026-01-19T07:35:51.4286149Z 
2026-01-19T07:35:51.4286154Z 
2026-01-19T07:35:51.4286158Z 
2026-01-19T07:35:51.4286162Z 
2026-01-19T07:35:51.4286166Z 
2026-01-19T07:35:51.4286171Z 
2026-01-19T07:35:51.4286459Z 
2026-01-19T07:35:51.4286464Z 
2026-01-19T07:35:51.4286469Z 
2026-01-19T07:35:51.4286487Z 
2026-01-19T07:35:51.4286491Z 
2026-01-19T07:35:51.4286548Z 
2026-01-19T07:35:51.4943071Z bzip2-1.0.8          | 90 KB     | ########## | 100% [A[A[A[A[A[A[A[A[A[A[A[A[A[A[A[A
2026-01-19T07:35:51.4944023Z 
2026-01-19T07:35:51.4944044Z 
2026-01-19T07:35:51.4944049Z 
2026-01-19T07:35:51.4944075Z 
2026-01-19T07:35:51.4944081Z 
2026-01-19T07:35:51.4944086Z 
2026-01-19T07:35:51.4944090Z 
2026-01-19T07:35:51.4944095Z 
2026-01-19T07:35:51.4944099Z 
2026-01-19T07:35:51.4944103Z 
2026-01-19T07:35:51.4944120Z 
2026-01-19T07:35:51.4944126Z 
2026-01-19T07:35:51.4944131Z 
2026-01-19T07:35:51.4944135Z 
2026-01-19T07:35:51.4944140Z 
2026-01-19T07:35:51.4944145Z 
2026-01-19T07:35:51.4944898Z 
2026-01-19T07:35:51.4949784Z libzlib-1.3.1        | 64 KB     | ########## | 100% [A[A[A[A[A[A[A[A[A[A[A[A[A[A[A[A[A
2026-01-19T07:35:51.4951118Z 
2026-01-19T07:35:51.4951126Z 
2026-01-19T07:35:51.4951407Z 
2026-01-19T07:35:51.4951412Z 
2026-01-19T07:35:51.4951415Z 
2026-01-19T07:35:51.4951419Z 
2026-01-19T07:35:51.4951423Z 
2026-01-19T07:35:51.4951427Z 
2026-01-19T07:35:51.4951430Z 
2026-01-19T07:35:51.4951434Z 
2026-01-19T07:35:51.4951437Z 
2026-01-19T07:35:51.4951441Z 
2026-01-19T07:35:51.4951445Z 
2026-01-19T07:35:51.4951457Z 
2026-01-19T07:35:51.4951462Z 
2026-01-19T07:35:51.4951466Z 
2026-01-19T07:35:51.4951484Z 
2026-01-19T07:35:51.5483918Z libzlib-1.3.1        | 64 KB     | ########## | 100% [A[A[A[A[A[A[A[A[A[A[A[A[A[A[A[A[A
2026-01-19T07:35:51.5485378Z 
2026-01-19T07:35:51.5485398Z 
2026-01-19T07:35:51.5485405Z 
2026-01-19T07:35:51.5485410Z 
2026-01-19T07:35:51.5485415Z 
2026-01-19T07:35:51.5485430Z 
2026-01-19T07:35:51.5485435Z 
2026-01-19T07:35:51.5485439Z 
2026-01-19T07:35:51.5485444Z 
2026-01-19T07:35:51.5485449Z 
2026-01-19T07:35:51.5485453Z 
2026-01-19T07:35:51.5485458Z 
2026-01-19T07:35:51.5485463Z 
2026-01-19T07:35:51.5485474Z 
2026-01-19T07:35:51.5485479Z 
2026-01-19T07:35:51.5485483Z 
2026-01-19T07:35:51.5485487Z 
2026-01-19T07:35:51.5485492Z 
2026-01-19T07:35:51.5488672Z vs2015_runtime-14.44 | 19 KB     | ########## | 100% [A[A[A[A[A[A[A[A[A[A[A[A[A[A[A[A[A[A
2026-01-19T07:35:51.5490549Z 
2026-01-19T07:35:51.5490556Z 
2026-01-19T07:35:51.5490561Z 
2026-01-19T07:35:51.5490566Z 
2026-01-19T07:35:51.5490570Z 
2026-01-19T07:35:51.5490590Z 
2026-01-19T07:35:51.5490595Z 
2026-01-19T07:35:51.5490599Z 
2026-01-19T07:35:51.5490603Z 
2026-01-19T07:35:51.5490608Z 
2026-01-19T07:35:51.5490612Z 
2026-01-19T07:35:51.5491280Z 
2026-01-19T07:35:51.5491306Z 
2026-01-19T07:35:51.5491315Z 
2026-01-19T07:35:51.5491319Z 
2026-01-19T07:35:51.5491324Z 
2026-01-19T07:35:51.5491329Z 
2026-01-19T07:35:51.5491333Z 
2026-01-19T07:35:53.0404982Z vs2015_runtime-14.44 | 19 KB     | ########## | 100% [A[A[A[A[A[A[A[A[A[A[A[A[A[A[A[A[A[A
2026-01-19T07:35:53.0405599Z 
2026-01-19T07:35:53.1926516Z openssl-3.0.18       | 6.8 MB    | ########## | 100% [A
2026-01-19T07:35:53.1926966Z 
2026-01-19T07:35:53.1926973Z 
2026-01-19T07:35:53.1926980Z 
2026-01-19T07:35:53.1926986Z 
2026-01-19T07:35:53.1926992Z 
2026-01-19T07:35:53.1926998Z 
2026-01-19T07:35:53.1927003Z 
2026-01-19T07:35:53.1927010Z 
2026-01-19T07:35:53.1927015Z 
2026-01-19T07:35:53.1927021Z 
2026-01-19T07:35:53.1927027Z 
2026-01-19T07:35:53.1927034Z 
2026-01-19T07:35:53.1927040Z 
2026-01-19T07:35:53.1927046Z 
2026-01-19T07:35:53.1927051Z 
2026-01-19T07:35:53.1927056Z 
2026-01-19T07:35:53.1927062Z 
2026-01-19T07:35:53.1927067Z 
2026-01-19T07:35:53.1927399Z 
2026-01-19T07:35:53.1927867Z  ... (more hidden) ...[A[A[A[A[A[A[A[A[A[A[A[A[A[A[A[A[A[A[A
2026-01-19T07:35:53.1928345Z 
2026-01-19T07:35:53.1928351Z 
2026-01-19T07:35:53.1928355Z 
2026-01-19T07:35:53.1928359Z 
2026-01-19T07:35:53.1928363Z 
2026-01-19T07:35:53.1928367Z 
2026-01-19T07:35:53.1928371Z 
2026-01-19T07:35:53.1928375Z 
2026-01-19T07:35:53.1928393Z 
2026-01-19T07:35:53.1928397Z 
2026-01-19T07:35:53.1928401Z 
2026-01-19T07:35:53.1928406Z 
2026-01-19T07:35:53.1928417Z 
2026-01-19T07:35:53.1928422Z 
2026-01-19T07:35:53.1928426Z 
2026-01-19T07:35:53.1928430Z 
2026-01-19T07:35:53.1928435Z 
2026-01-19T07:35:53.1928439Z 
2026-01-19T07:35:53.1928449Z 
2026-01-19T07:35:54.0370897Z  ... (more hidden) ...[A[A[A[A[A[A[A[A[A[A[A[A[A[A[A[A[A[A[A
2026-01-19T07:35:54.0371440Z 
2026-01-19T07:35:54.0371447Z 
2026-01-19T07:35:54.0371453Z 
2026-01-19T07:35:54.0371460Z 
2026-01-19T07:35:54.0371466Z 
2026-01-19T07:35:54.0371473Z 
2026-01-19T07:35:54.0371508Z 
2026-01-19T07:35:54.0371515Z 
2026-01-19T07:35:54.0371519Z 
2026-01-19T07:35:54.0371524Z 
2026-01-19T07:35:54.0371528Z 
2026-01-19T07:35:54.0371533Z 
2026-01-19T07:35:54.0371538Z 
2026-01-19T07:35:54.0372028Z tzdata-2025b         | 116 KB    | ########## | 100% [A[A[A[A[A[A[A[A[A[A[A[A[A
2026-01-19T07:35:54.0372488Z 
2026-01-19T07:35:54.0372504Z 
2026-01-19T07:35:54.0372779Z 
2026-01-19T07:35:54.0372783Z 
2026-01-19T07:35:54.0372787Z 
2026-01-19T07:35:54.0372791Z 
2026-01-19T07:35:54.0372795Z 
2026-01-19T07:35:54.0372799Z 
2026-01-19T07:35:54.0372803Z 
2026-01-19T07:35:54.0372807Z 
2026-01-19T07:35:54.0372810Z 
2026-01-19T07:35:54.0372815Z 
2026-01-19T07:35:54.0372886Z 
2026-01-19T07:35:54.0472793Z tzdata-2025b         | 116 KB    | ########## | 100% [A[A[A[A[A[A[A[A[A[A[A[A[A
2026-01-19T07:35:54.0473293Z 
2026-01-19T07:35:54.0473298Z 
2026-01-19T07:35:58.5927685Z tk-8.6.15            | 3.5 MB    | ########## | 100% [A[A
2026-01-19T07:35:58.5935570Z python-3.13.11       | 15.7 MB   | ########## | 100% 
2026-01-19T07:35:58.5936242Z 
2026-01-19T07:35:58.5936577Z 
2026-01-19T07:35:58.5936813Z 
2026-01-19T07:35:58.5936870Z 
2026-01-19T07:35:58.5936877Z 
2026-01-19T07:35:58.5936881Z 
2026-01-19T07:35:58.5936887Z 
2026-01-19T07:35:58.5936892Z 
2026-01-19T07:35:58.5936896Z 
2026-01-19T07:35:58.5936917Z 
2026-01-19T07:35:58.5936941Z 
2026-01-19T07:35:58.5936946Z 
2026-01-19T07:35:58.5936951Z 
2026-01-19T07:35:58.5936956Z 
2026-01-19T07:35:58.5936960Z 
2026-01-19T07:35:58.5936965Z 
2026-01-19T07:35:58.5936970Z 
2026-01-19T07:35:58.5936974Z 
2026-01-19T07:35:58.5936979Z 
2026-01-19T07:35:58.5937153Z                       
2026-01-19T07:35:58.5937715Z [A[A[A[A[A[A[A[A[A[A[A[A[A[A[A[A[A[A[A
2026-01-19T07:35:58.5938202Z                                                      
2026-01-19T07:35:58.5938527Z 
2026-01-19T07:35:58.5938533Z 
2026-01-19T07:35:58.5938825Z                                                      [A
2026-01-19T07:35:58.5939158Z 
2026-01-19T07:35:58.5939163Z 
2026-01-19T07:35:58.5939441Z                                                      [A[A
2026-01-19T07:35:58.5939763Z 
2026-01-19T07:35:58.5939769Z 
2026-01-19T07:35:58.5939773Z 
2026-01-19T07:35:58.5940071Z                                                      [A[A[A
2026-01-19T07:35:58.5940410Z 
2026-01-19T07:35:58.5940429Z 
2026-01-19T07:35:58.5940434Z 
2026-01-19T07:35:58.5940439Z 
2026-01-19T07:35:58.5940726Z                                                      [A[A[A[A
2026-01-19T07:35:58.5941080Z 
2026-01-19T07:35:58.5941086Z 
2026-01-19T07:35:58.5941091Z 
2026-01-19T07:35:58.5941095Z 
2026-01-19T07:35:58.5941099Z 
2026-01-19T07:35:58.5941504Z                                                      [A[A[A[A[A
2026-01-19T07:35:58.5941855Z 
2026-01-19T07:35:58.5941861Z 
2026-01-19T07:35:58.5941865Z 
2026-01-19T07:35:58.5941870Z 
2026-01-19T07:35:58.5941875Z 
2026-01-19T07:35:58.5941891Z 
2026-01-19T07:35:58.5942490Z                                                      [A[A[A[A[A[A
2026-01-19T07:35:58.5942885Z 
2026-01-19T07:35:58.5942890Z 
2026-01-19T07:35:58.5942895Z 
2026-01-19T07:35:58.5942899Z 
2026-01-19T07:35:58.5942903Z 
2026-01-19T07:35:58.5942908Z 
2026-01-19T07:35:58.5942996Z 
2026-01-19T07:35:58.5947877Z                                                      [A[A[A[A[A[A[A
2026-01-19T07:35:58.5948279Z 
2026-01-19T07:35:58.5948285Z 
2026-01-19T07:35:58.5948289Z 
2026-01-19T07:35:58.5948294Z 
2026-01-19T07:35:58.5948298Z 
2026-01-19T07:35:58.5948302Z 
2026-01-19T07:35:58.5948307Z 
2026-01-19T07:35:58.5948312Z 
2026-01-19T07:35:58.5948578Z                                                      [A[A[A[A[A[A[A[A
2026-01-19T07:35:58.5948920Z 
2026-01-19T07:35:58.5948925Z 
2026-01-19T07:35:58.5948930Z 
2026-01-19T07:35:58.5948934Z 
2026-01-19T07:35:58.5948939Z 
2026-01-19T07:35:58.5948943Z 
2026-01-19T07:35:58.5948947Z 
2026-01-19T07:35:58.5948951Z 
2026-01-19T07:35:58.5948962Z 
2026-01-19T07:35:58.5949463Z                                                      [A[A[A[A[A[A[A[A[A
2026-01-19T07:35:58.5949892Z 
2026-01-19T07:35:58.5949898Z 
2026-01-19T07:35:58.5949902Z 
2026-01-19T07:35:58.5949907Z 
2026-01-19T07:35:58.5949910Z 
2026-01-19T07:35:58.5949915Z 
2026-01-19T07:35:58.5949920Z 
2026-01-19T07:35:58.5949925Z 
2026-01-19T07:35:58.5950439Z 
2026-01-19T07:35:58.5950445Z 
2026-01-19T07:35:58.5950805Z                                                      [A[A[A[A[A[A[A[A[A[A
2026-01-19T07:35:58.5951175Z 
2026-01-19T07:35:58.5951180Z 
2026-01-19T07:35:58.5951184Z 
2026-01-19T07:35:58.5951188Z 
2026-01-19T07:35:58.5951192Z 
2026-01-19T07:35:58.5951196Z 
2026-01-19T07:35:58.5951201Z 
2026-01-19T07:35:58.5951205Z 
2026-01-19T07:35:58.5951209Z 
2026-01-19T07:35:58.5951214Z 
2026-01-19T07:35:58.5951217Z 
2026-01-19T07:35:58.5951507Z                                                      [A[A[A[A[A[A[A[A[A[A[A
2026-01-19T07:35:58.5951896Z 
2026-01-19T07:35:58.5951901Z 
2026-01-19T07:35:58.5951906Z 
2026-01-19T07:35:58.5951910Z 
2026-01-19T07:35:58.5951915Z 
2026-01-19T07:35:58.5951919Z 
2026-01-19T07:35:58.5951924Z 
2026-01-19T07:35:58.5951928Z 
2026-01-19T07:35:58.5951933Z 
2026-01-19T07:35:58.5951938Z 
2026-01-19T07:35:58.5951942Z 
2026-01-19T07:35:58.5951946Z 
2026-01-19T07:35:58.5952245Z                                                      [A[A[A[A[A[A[A[A[A[A[A[A
2026-01-19T07:35:58.5952649Z 
2026-01-19T07:35:58.5952654Z 
2026-01-19T07:35:58.5952658Z 
2026-01-19T07:35:58.5952663Z 
2026-01-19T07:35:58.5952667Z 
2026-01-19T07:35:58.5952671Z 
2026-01-19T07:35:58.5952676Z 
2026-01-19T07:35:58.5952680Z 
2026-01-19T07:35:58.5952685Z 
2026-01-19T07:35:58.5952689Z 
2026-01-19T07:35:58.5952693Z 
2026-01-19T07:35:58.5952698Z 
2026-01-19T07:35:58.5952703Z 
2026-01-19T07:35:58.5953003Z                                                      [A[A[A[A[A[A[A[A[A[A[A[A[A
2026-01-19T07:35:58.5953403Z 
2026-01-19T07:35:58.5953409Z 
2026-01-19T07:35:58.5953414Z 
2026-01-19T07:35:58.5953418Z 
2026-01-19T07:35:58.5953423Z 
2026-01-19T07:35:58.5953428Z 
2026-01-19T07:35:58.5953432Z 
2026-01-19T07:35:58.5953436Z 
2026-01-19T07:35:58.5953441Z 
2026-01-19T07:35:58.5953445Z 
2026-01-19T07:35:58.5953449Z 
2026-01-19T07:35:58.5953454Z 
2026-01-19T07:35:58.5953459Z 
2026-01-19T07:35:58.5953468Z 
2026-01-19T07:35:58.5953799Z                                                      [A[A[A[A[A[A[A[A[A[A[A[A[A[A
2026-01-19T07:35:58.5954031Z 
2026-01-19T07:35:58.5954034Z 
2026-01-19T07:35:58.5954037Z 
2026-01-19T07:35:58.5954040Z 
2026-01-19T07:35:58.5954043Z 
2026-01-19T07:35:58.5954046Z 
2026-01-19T07:35:58.5954049Z 
2026-01-19T07:35:58.5954052Z 
2026-01-19T07:35:58.5954056Z 
2026-01-19T07:35:58.5954058Z 
2026-01-19T07:35:58.5954061Z 
2026-01-19T07:35:58.5954064Z 
2026-01-19T07:35:58.5954067Z 
2026-01-19T07:35:58.5954079Z 
2026-01-19T07:35:58.5954082Z 
2026-01-19T07:35:58.5954414Z                                                      [A[A[A[A[A[A[A[A[A[A[A[A[A[A[A
2026-01-19T07:35:58.5954652Z 
2026-01-19T07:35:58.5954655Z 
2026-01-19T07:35:58.5954658Z 
2026-01-19T07:35:58.5954661Z 
2026-01-19T07:35:58.5954664Z 
2026-01-19T07:35:58.5954667Z 
2026-01-19T07:35:58.5954670Z 
2026-01-19T07:35:58.5954680Z 
2026-01-19T07:35:58.5954683Z 
2026-01-19T07:35:58.5954690Z 
2026-01-19T07:35:58.5954693Z 
2026-01-19T07:35:58.5954908Z 
2026-01-19T07:35:58.5954915Z 
2026-01-19T07:35:58.5954918Z 
2026-01-19T07:35:58.5954921Z 
2026-01-19T07:35:58.5954924Z 
2026-01-19T07:35:58.5955140Z                                                      [A[A[A[A[A[A[A[A[A[A[A[A[A[A[A[A
2026-01-19T07:35:58.5955377Z 
2026-01-19T07:35:58.5955390Z 
2026-01-19T07:35:58.5955393Z 
2026-01-19T07:35:58.5955396Z 
2026-01-19T07:35:58.5955399Z 
2026-01-19T07:35:58.5955402Z 
2026-01-19T07:35:58.5955405Z 
2026-01-19T07:35:58.5955408Z 
2026-01-19T07:35:58.5955411Z 
2026-01-19T07:35:58.5955418Z 
2026-01-19T07:35:58.5955421Z 
2026-01-19T07:35:58.5955424Z 
2026-01-19T07:35:58.5955426Z 
2026-01-19T07:35:58.5955429Z 
2026-01-19T07:35:58.5955433Z 
2026-01-19T07:35:58.5955435Z 
2026-01-19T07:35:58.5955438Z 
2026-01-19T07:35:58.5955645Z                                                      [A[A[A[A[A[A[A[A[A[A[A[A[A[A[A[A[A
2026-01-19T07:35:58.5955998Z 
2026-01-19T07:35:58.5956001Z 
2026-01-19T07:35:58.5956005Z 
2026-01-19T07:35:58.5956008Z 
2026-01-19T07:35:58.5956011Z 
2026-01-19T07:35:58.5956014Z 
2026-01-19T07:35:58.5956017Z 
2026-01-19T07:35:58.5956019Z 
2026-01-19T07:35:58.5956022Z 
2026-01-19T07:35:58.5956026Z 
2026-01-19T07:35:58.5956028Z 
2026-01-19T07:35:58.5956031Z 
2026-01-19T07:35:58.5956034Z 
2026-01-19T07:35:58.5956037Z 
2026-01-19T07:35:58.5956040Z 
2026-01-19T07:35:58.5956043Z 
2026-01-19T07:35:58.5956046Z 
2026-01-19T07:35:58.5956056Z 
2026-01-19T07:35:58.5956275Z                                                      [A[A[A[A[A[A[A[A[A[A[A[A[A[A[A[A[A[A
2026-01-19T07:35:58.5956530Z 
2026-01-19T07:35:58.5956533Z 
2026-01-19T07:35:58.5956536Z 
2026-01-19T07:35:58.5956634Z [A done
2026-01-19T07:35:58.7958689Z Preparing transaction: / - done
2026-01-19T07:35:59.7432844Z Verifying transaction: | / - \ | / - \ | done
2026-01-19T07:36:08.2796622Z Executing transaction: - \ | / - \ | / - \ | / - \ | / - \ | / - \ | / - \ | / - \ | / - \ | / - \ | / - \ | / - \ | / - \ | / - \ | / - \ | / - \ | / - \ | / - \ | / - \ | / - \ | / - \ | / - done
2026-01-19T07:36:09.1279967Z #
2026-01-19T07:36:09.1280311Z # To activate this environment, use
2026-01-19T07:36:09.1280652Z #
2026-01-19T07:36:09.1280816Z #     $ conda activate test
2026-01-19T07:36:09.1281008Z #
2026-01-19T07:36:09.1281218Z # To deactivate an active environment, use
2026-01-19T07:36:09.1281458Z #
2026-01-19T07:36:09.1281607Z #     $ conda deactivate
2026-01-19T07:36:09.1281737Z 
2026-01-19T07:36:09.2527527Z ##[endgroup]
2026-01-19T07:36:09.2528076Z ##[endgroup]
2026-01-19T07:36:09.2528370Z setup-miniconda ran successfully
2026-01-19T07:36:09.2798261Z ##[group]Run .\build.ps1 -Version v2026.01.19.7
2026-01-19T07:36:09.2798659Z [36;1m.\build.ps1 -Version v2026.01.19.7[0m
2026-01-19T07:36:09.2870009Z shell: C:\Windows\System32\WindowsPowerShell\v1.0\powershell.EXE -command ". '{0}'"
2026-01-19T07:36:09.2870411Z env:
2026-01-19T07:36:09.2870568Z   INPUT_RUN_POST: true
2026-01-19T07:36:09.2870753Z   CONDA: C:\Miniconda
2026-01-19T07:36:09.2871198Z   GITHUB_TOKEN: ***
2026-01-19T07:36:09.2871370Z ##[endgroup]
2026-01-19T07:36:11.5496832Z Transcript started, output file is D:\a\VRCYTProxy\VRCYTProxy\build_log.ps1.txt
2026-01-19T07:36:11.5584620Z =================================================
2026-01-19T07:36:11.5592172Z    VRCYTProxy PowerShell Build Script
2026-01-19T07:36:11.5599948Z =================================================
2026-01-19T07:36:11.5603491Z 
2026-01-19T07:36:11.5630489Z -------------------------------------------------
2026-01-19T07:36:11.5639011Z    Target Version: v2026.01.19.7 (RELEASE)
2026-01-19T07:36:11.5671188Z    Force Rebuild:  False
2026-01-19T07:36:11.5684058Z -------------------------------------------------
2026-01-19T07:36:11.5722094Z Icon found at: D:\a\VRCYTProxy\VRCYTProxy\src\resources\app.ico
2026-01-19T07:36:11.5730895Z [0/6] Checking/Downloading Dependencies...
2026-01-19T07:36:11.5767027Z Created vendor directory.
2026-01-19T07:36:11.5939915Z Fetching latest metadata from GitHub...
2026-01-19T07:36:11.5956866Z Using GITHUB_TOKEN for authenticated API calls.
2026-01-19T07:36:12.3906616Z Updating Deno to v2.6.5...
2026-01-19T07:37:11.8997505Z Deno updated.
2026-01-19T07:37:11.9006104Z [1/6] Setting up fresh Conda environment...
2026-01-19T07:37:13.6701911Z BUILD FAILED: The term 'conda.exe' is not recognized as the name of a cmdlet, function, script file, or operable program. Check the spelling of the name, or if a path was included, verify that the path is correct and try again.
2026-01-19T07:37:13.6716912Z Stack Trace: at <ScriptBlock>, D:\a\VRCYTProxy\VRCYTProxy\build.ps1: line 115
2026-01-19T07:37:13.6717539Z at <ScriptBlock>, D:\a\_temp\566694e4-5cb2-4d04-b6e6-74e98fdaaa09.ps1: line 2
2026-01-19T07:37:13.6718258Z at <ScriptBlock>, <No file>: line 1
2026-01-19T07:37:13.7733246Z Transcript stopped, output file is D:\a\VRCYTProxy\VRCYTProxy\build_log.ps1.txt
2026-01-19T07:37:13.8094367Z ##[group]Run $ARCHIVE_NAME = "VRCYTProxy-Windows.zip"
2026-01-19T07:37:13.8094828Z [36;1m$ARCHIVE_NAME = "VRCYTProxy-Windows.zip"[0m
2026-01-19T07:37:13.8095242Z [36;1mCompress-Archive -Path dist\* -DestinationPath $ARCHIVE_NAME[0m
2026-01-19T07:37:13.8095675Z [36;1mecho "ARCHIVE_NAME=$ARCHIVE_NAME" >> $env:GITHUB_ENV[0m
2026-01-19T07:37:13.8162552Z shell: C:\Program Files\PowerShell\7\pwsh.EXE -command ". '{0}'"
2026-01-19T07:37:13.8162875Z env:
2026-01-19T07:37:13.8163035Z   INPUT_RUN_POST: true
2026-01-19T07:37:13.8163229Z   CONDA: C:\Miniconda
2026-01-19T07:37:13.8163404Z ##[endgroup]
2026-01-19T07:37:17.6505854Z [31;1mCompress-Archive: [0mD:\a\_temp\145cb315-357b-42c4-beda-fdb2c7382090.ps1:3[0m
2026-01-19T07:37:17.6506598Z [31;1m[0m[36;1mLine |[0m
2026-01-19T07:37:17.6507396Z [31;1m[0m[36;1m[36;1m   3 | [0m [36;1mCompress-Archive -Path dist\* -DestinationPath $ARCHIVE_NAME[0m
2026-01-19T07:37:17.6508682Z [31;1m[0m[36;1m[36;1m[0m[36;1m[0m[36;1m     | [31;1m ~~~~~~~~~~~~~~~~~~~~~~~~~~~~~~~~~~~~~~~~~~~~~~~~~~~~~~~~~~~~[0m
2026-01-19T07:37:17.6509860Z [31;1m[0m[36;1m[36;1m[0m[36;1m[0m[36;1m[31;1m[31;1m[36;1m     | [31;1mThe path 'dist\*' either does not exist or is not a valid file system path.[0m
2026-01-19T07:37:17.7087033Z ##[error]Process completed with exit code 1.
2026-01-19T07:37:17.7293701Z Post job cleanup.
2026-01-19T07:37:17.9166643Z [command]"C:\Program Files\Git\bin\git.exe" version
2026-01-19T07:37:17.9452500Z git version 2.52.0.windows.1
2026-01-19T07:37:17.9526911Z Temporarily overriding HOME='D:\a\_temp\e8e1aa0e-51d5-4445-bffc-2659b0240cf7' before making global git config changes
2026-01-19T07:37:17.9527615Z Adding repository directory to the temporary git global config as a safe directory
2026-01-19T07:37:17.9534915Z [command]"C:\Program Files\Git\bin\git.exe" config --global --add safe.directory D:\a\VRCYTProxy\VRCYTProxy
2026-01-19T07:37:17.9818341Z [command]"C:\Program Files\Git\bin\git.exe" config --local --name-only --get-regexp core\.sshCommand
2026-01-19T07:37:18.0098045Z [command]"C:\Program Files\Git\bin\git.exe" submodule foreach --recursive "sh -c \"git config --local --name-only --get-regexp 'core\.sshCommand' && git config --local --unset-all 'core.sshCommand' || :\""
2026-01-19T07:37:18.5559869Z [command]"C:\Program Files\Git\bin\git.exe" config --local --name-only --get-regexp http\.https\:\/\/github\.com\/\.extraheader
2026-01-19T07:37:18.5808363Z http.https://github.com/.extraheader
2026-01-19T07:37:18.5846335Z [command]"C:\Program Files\Git\bin\git.exe" config --local --unset-all http.https://github.com/.extraheader
2026-01-19T07:37:18.6132081Z [command]"C:\Program Files\Git\bin\git.exe" submodule foreach --recursive "sh -c \"git config --local --name-only --get-regexp 'http\.https\:\/\/github\.com\/\.extraheader' && git config --local --unset-all 'http.https://github.com/.extraheader' || :\""
2026-01-19T07:37:19.1534518Z Cleaning up orphan processes
